Archive member included to satisfy reference by file (symbol)

C:/ST/STM32CubeIDE_1.13.2/STM32CubeIDE/plugins/com.st.stm32cube.ide.mcu.externaltools.gnu-tools-for-stm32.11.3.rel1.win32_1.1.1.202309131626/tools/bin/../lib/gcc/arm-none-eabi/11.3.1/../../../../arm-none-eabi/lib/thumb/v7e-m+fp/hard\libc_nano.a(libc_a-exit.o)
                              C:/ST/STM32CubeIDE_1.13.2/STM32CubeIDE/plugins/com.st.stm32cube.ide.mcu.externaltools.gnu-tools-for-stm32.11.3.rel1.win32_1.1.1.202309131626/tools/bin/../lib/gcc/arm-none-eabi/11.3.1/../../../../arm-none-eabi/lib/thumb/v7e-m+fp/hard/crt0.o (exit)
C:/ST/STM32CubeIDE_1.13.2/STM32CubeIDE/plugins/com.st.stm32cube.ide.mcu.externaltools.gnu-tools-for-stm32.11.3.rel1.win32_1.1.1.202309131626/tools/bin/../lib/gcc/arm-none-eabi/11.3.1/../../../../arm-none-eabi/lib/thumb/v7e-m+fp/hard\libc_nano.a(libc_a-malloc.o)
                              ./Core/Src/ble.o (malloc)
C:/ST/STM32CubeIDE_1.13.2/STM32CubeIDE/plugins/com.st.stm32cube.ide.mcu.externaltools.gnu-tools-for-stm32.11.3.rel1.win32_1.1.1.202309131626/tools/bin/../lib/gcc/arm-none-eabi/11.3.1/../../../../arm-none-eabi/lib/thumb/v7e-m+fp/hard\libc_nano.a(libc_a-mallocr.o)
                              C:/ST/STM32CubeIDE_1.13.2/STM32CubeIDE/plugins/com.st.stm32cube.ide.mcu.externaltools.gnu-tools-for-stm32.11.3.rel1.win32_1.1.1.202309131626/tools/bin/../lib/gcc/arm-none-eabi/11.3.1/../../../../arm-none-eabi/lib/thumb/v7e-m+fp/hard\libc_nano.a(libc_a-malloc.o) (_malloc_r)
C:/ST/STM32CubeIDE_1.13.2/STM32CubeIDE/plugins/com.st.stm32cube.ide.mcu.externaltools.gnu-tools-for-stm32.11.3.rel1.win32_1.1.1.202309131626/tools/bin/../lib/gcc/arm-none-eabi/11.3.1/../../../../arm-none-eabi/lib/thumb/v7e-m+fp/hard\libc_nano.a(libc_a-mlock.o)
                              C:/ST/STM32CubeIDE_1.13.2/STM32CubeIDE/plugins/com.st.stm32cube.ide.mcu.externaltools.gnu-tools-for-stm32.11.3.rel1.win32_1.1.1.202309131626/tools/bin/../lib/gcc/arm-none-eabi/11.3.1/../../../../arm-none-eabi/lib/thumb/v7e-m+fp/hard\libc_nano.a(libc_a-mallocr.o) (__malloc_lock)
C:/ST/STM32CubeIDE_1.13.2/STM32CubeIDE/plugins/com.st.stm32cube.ide.mcu.externaltools.gnu-tools-for-stm32.11.3.rel1.win32_1.1.1.202309131626/tools/bin/../lib/gcc/arm-none-eabi/11.3.1/../../../../arm-none-eabi/lib/thumb/v7e-m+fp/hard\libc_nano.a(libc_a-findfp.o)
                              C:/ST/STM32CubeIDE_1.13.2/STM32CubeIDE/plugins/com.st.stm32cube.ide.mcu.externaltools.gnu-tools-for-stm32.11.3.rel1.win32_1.1.1.202309131626/tools/bin/../lib/gcc/arm-none-eabi/11.3.1/../../../../arm-none-eabi/lib/thumb/v7e-m+fp/hard\libc_nano.a(libc_a-exit.o) (__stdio_exit_handler)
C:/ST/STM32CubeIDE_1.13.2/STM32CubeIDE/plugins/com.st.stm32cube.ide.mcu.externaltools.gnu-tools-for-stm32.11.3.rel1.win32_1.1.1.202309131626/tools/bin/../lib/gcc/arm-none-eabi/11.3.1/../../../../arm-none-eabi/lib/thumb/v7e-m+fp/hard\libc_nano.a(libc_a-fwalk.o)
                              C:/ST/STM32CubeIDE_1.13.2/STM32CubeIDE/plugins/com.st.stm32cube.ide.mcu.externaltools.gnu-tools-for-stm32.11.3.rel1.win32_1.1.1.202309131626/tools/bin/../lib/gcc/arm-none-eabi/11.3.1/../../../../arm-none-eabi/lib/thumb/v7e-m+fp/hard\libc_nano.a(libc_a-findfp.o) (_fwalk_sglue)
C:/ST/STM32CubeIDE_1.13.2/STM32CubeIDE/plugins/com.st.stm32cube.ide.mcu.externaltools.gnu-tools-for-stm32.11.3.rel1.win32_1.1.1.202309131626/tools/bin/../lib/gcc/arm-none-eabi/11.3.1/../../../../arm-none-eabi/lib/thumb/v7e-m+fp/hard\libc_nano.a(libc_a-stdio.o)
                              C:/ST/STM32CubeIDE_1.13.2/STM32CubeIDE/plugins/com.st.stm32cube.ide.mcu.externaltools.gnu-tools-for-stm32.11.3.rel1.win32_1.1.1.202309131626/tools/bin/../lib/gcc/arm-none-eabi/11.3.1/../../../../arm-none-eabi/lib/thumb/v7e-m+fp/hard\libc_nano.a(libc_a-findfp.o) (__sread)
C:/ST/STM32CubeIDE_1.13.2/STM32CubeIDE/plugins/com.st.stm32cube.ide.mcu.externaltools.gnu-tools-for-stm32.11.3.rel1.win32_1.1.1.202309131626/tools/bin/../lib/gcc/arm-none-eabi/11.3.1/../../../../arm-none-eabi/lib/thumb/v7e-m+fp/hard\libc_nano.a(libc_a-memset.o)
                              C:/ST/STM32CubeIDE_1.13.2/STM32CubeIDE/plugins/com.st.stm32cube.ide.mcu.externaltools.gnu-tools-for-stm32.11.3.rel1.win32_1.1.1.202309131626/tools/bin/../lib/gcc/arm-none-eabi/11.3.1/../../../../arm-none-eabi/lib/thumb/v7e-m+fp/hard/crt0.o (memset)
C:/ST/STM32CubeIDE_1.13.2/STM32CubeIDE/plugins/com.st.stm32cube.ide.mcu.externaltools.gnu-tools-for-stm32.11.3.rel1.win32_1.1.1.202309131626/tools/bin/../lib/gcc/arm-none-eabi/11.3.1/../../../../arm-none-eabi/lib/thumb/v7e-m+fp/hard\libc_nano.a(libc_a-closer.o)
                              C:/ST/STM32CubeIDE_1.13.2/STM32CubeIDE/plugins/com.st.stm32cube.ide.mcu.externaltools.gnu-tools-for-stm32.11.3.rel1.win32_1.1.1.202309131626/tools/bin/../lib/gcc/arm-none-eabi/11.3.1/../../../../arm-none-eabi/lib/thumb/v7e-m+fp/hard\libc_nano.a(libc_a-stdio.o) (_close_r)
[...]
Memory Configuration

Name             Origin             Length             Attributes
RAM              0x0000000020000000 0x0000000000018000 xrw
RAM2             0x0000000010000000 0x0000000000008000 xrw
FLASH            0x0000000008000000 0x0000000000100000 xr
*default*        0x0000000000000000 0xffffffffffffffff

Linker script and memory map

LOAD C:/ST/STM32CubeIDE_1.13.2/STM32CubeIDE/plugins/com.st.stm32cube.ide.mcu.externaltools.gnu-tools-for-stm32.11.3.rel1.win32_1.1.1.202309131626/tools/bin/../lib/gcc/arm-none-eabi/11.3.1/thumb/v7e-m+fp/hard/crti.o
LOAD C:/ST/STM32CubeIDE_1.13.2/STM32CubeIDE/plugins/com.st.stm32cube.ide.mcu.externaltools.gnu-tools-for-stm32.11.3.rel1.win32_1.1.1.202309131626/tools/bin/../lib/gcc/arm-none-eabi/11.3.1/thumb/v7e-m+fp/hard/crtbegin.o
LOAD C:/ST/STM32CubeIDE_1.13.2/STM32CubeIDE/plugins/com.st.stm32cube.ide.mcu.externaltools.gnu-tools-for-stm32.11.3.rel1.win32_1.1.1.202309131626/tools/bin/../lib/gcc/arm-none-eabi/11.3.1/../../../../arm-none-eabi/lib/thumb/v7e-m+fp/hard/crt0.o
LOAD ./Core/Src/ble.o
LOAD ./Core/Src/i2c.o
LOAD ./Core/Src/leds.o
LOAD ./Core/Src/lsm6dsl.o
LOAD ./Core/Src/main.o
LOAD ./Core/Src/stm32l4xx_hal_msp.o
LOAD ./Core/Src/stm32l4xx_it.o
LOAD ./Core/Src/syscalls.o
LOAD ./Core/Src/system_stm32l4xx.o
LOAD ./Core/Src/timer.o
LOAD ./Core/Startup/startup_stm32l475vgtx.o
LOAD ./Drivers/STM32L4xx_HAL_Driver/Src/stm32l4xx_hal.o
LOAD ./Drivers/STM32L4xx_HAL_Driver/Src/stm32l4xx_hal_cortex.o
LOAD ./Drivers/STM32L4xx_HAL_Driver/Src/stm32l4xx_hal_dma.o
LOAD ./Drivers/STM32L4xx_HAL_Driver/Src/stm32l4xx_hal_dma_ex.o
LOAD ./Drivers/STM32L4xx_HAL_Driver/Src/stm32l4xx_hal_exti.o
LOAD ./Drivers/STM32L4xx_HAL_Driver/Src/stm32l4xx_hal_flash.o
LOAD ./Drivers/STM32L4xx_HAL_Driver/Src/stm32l4xx_hal_flash_ex.o
LOAD ./Drivers/STM32L4xx_HAL_Driver/Src/stm32l4xx_hal_flash_ramfunc.o
LOAD ./Drivers/STM32L4xx_HAL_Driver/Src/stm32l4xx_hal_gpio.o
LOAD ./Drivers/STM32L4xx_HAL_Driver/Src/stm32l4xx_hal_i2c.o
LOAD ./Drivers/STM32L4xx_HAL_Driver/Src/stm32l4xx_hal_i2c_ex.o
LOAD ./Drivers/STM32L4xx_HAL_Driver/Src/stm32l4xx_hal_pwr.o
LOAD ./Drivers/STM32L4xx_HAL_Driver/Src/stm32l4xx_hal_pwr_ex.o
LOAD ./Drivers/STM32L4xx_HAL_Driver/Src/stm32l4xx_hal_rcc.o
LOAD ./Drivers/STM32L4xx_HAL_Driver/Src/stm32l4xx_hal_rcc_ex.o
LOAD ./Drivers/STM32L4xx_HAL_Driver/Src/stm32l4xx_hal_spi.o
LOAD ./Drivers/STM32L4xx_HAL_Driver/Src/stm32l4xx_hal_spi_ex.o
LOAD ./Drivers/STM32L4xx_HAL_Driver/Src/stm32l4xx_hal_tim.o
LOAD ./Drivers/STM32L4xx_HAL_Driver/Src/stm32l4xx_hal_tim_ex.o
START GROUP
LOAD C:/ST/STM32CubeIDE_1.13.2/STM32CubeIDE/plugins/com.st.stm32cube.ide.mcu.externaltools.gnu-tools-for-stm32.11.3.rel1.win32_1.1.1.202309131626/tools/bin/../lib/gcc/arm-none-eabi/11.3.1/../../../../arm-none-eabi/lib/thumb/v7e-m+fp/hard\libc_nano.a
LOAD C:/ST/STM32CubeIDE_1.13.2/STM32CubeIDE/plugins/com.st.stm32cube.ide.mcu.externaltools.gnu-tools-for-stm32.11.3.rel1.win32_1.1.1.202309131626/tools/bin/../lib/gcc/arm-none-eabi/11.3.1/../../../../arm-none-eabi/lib/thumb/v7e-m+fp/hard\libm.a
END GROUP
START GROUP
LOAD C:/ST/STM32CubeIDE_1.13.2/STM32CubeIDE/plugins/com.st.stm32cube.ide.mcu.externaltools.gnu-tools-for-stm32.11.3.rel1.win32_1.1.1.202309131626/tools/bin/../lib/gcc/arm-none-eabi/11.3.1/thumb/v7e-m+fp/hard\libgcc.a
LOAD C:/ST/STM32CubeIDE_1.13.2/STM32CubeIDE/plugins/com.st.stm32cube.ide.mcu.externaltools.gnu-tools-for-stm32.11.3.rel1.win32_1.1.1.202309131626/tools/bin/../lib/gcc/arm-none-eabi/11.3.1/../../../../arm-none-eabi/lib/thumb/v7e-m+fp/hard\libc_nano.a
END GROUP
START GROUP
LOAD C:/ST/STM32CubeIDE_1.13.2/STM32CubeIDE/plugins/com.st.stm32cube.ide.mcu.externaltools.gnu-tools-for-stm32.11.3.rel1.win32_1.1.1.202309131626/tools/bin/../lib/gcc/arm-none-eabi/11.3.1/thumb/v7e-m+fp/hard\libgcc.a
LOAD C:/ST/STM32CubeIDE_1.13.2/STM32CubeIDE/plugins/com.st.stm32cube.ide.mcu.externaltools.gnu-tools-for-stm32.11.3.rel1.win32_1.1.1.202309131626/tools/bin/../lib/gcc/arm-none-eabi/11.3.1/../../../../arm-none-eabi/lib/thumb/v7e-m+fp/hard\libc_nano.a
LOAD C:/ST/STM32CubeIDE_1.13.2/STM32CubeIDE/plugins/com.st.stm32cube.ide.mcu.externaltools.gnu-tools-for-stm32.11.3.rel1.win32_1.1.1.202309131626/tools/bin/../lib/gcc/arm-none-eabi/11.3.1/../../../../arm-none-eabi/lib/thumb/v7e-m+fp/hard\libnosys.a
END GROUP
START GROUP
LOAD C:/ST/STM32CubeIDE_1.13.2/STM32CubeIDE/plugins/com.st.stm32cube.ide.mcu.externaltools.gnu-tools-for-stm32.11.3.rel1.win32_1.1.1.202309131626/tools/bin/../lib/gcc/arm-none-eabi/11.3.1/thumb/v7e-m+fp/hard\libgcc.a
LOAD C:/ST/STM32CubeIDE_1.13.2/STM32CubeIDE/plugins/com.st.stm32cube.ide.mcu.externaltools.gnu-tools-for-stm32.11.3.rel1.win32_1.1.1.202309131626/tools/bin/../lib/gcc/arm-none-eabi/11.3.1/../../../../arm-none-eabi/lib/thumb/v7e-m+fp/hard\libc_nano.a
LOAD C:/ST/STM32CubeIDE_1.13.2/STM32CubeIDE/plugins/com.st.stm32cube.ide.mcu.externaltools.gnu-tools-for-stm32.11.3.rel1.win32_1.1.1.202309131626/tools/bin/../lib/gcc/arm-none-eabi/11.3.1/../../../../arm-none-eabi/lib/thumb/v7e-m+fp/hard\libnosys.a
END GROUP
LOAD C:/ST/STM32CubeIDE_1.13.2/STM32CubeIDE/plugins/com.st.stm32cube.ide.mcu.externaltools.gnu-tools-for-stm32.11.3.rel1.win32_1.1.1.202309131626/tools/bin/../lib/gcc/arm-none-eabi/11.3.1/thumb/v7e-m+fp/hard/crtend.o
LOAD C:/ST/STM32CubeIDE_1.13.2/STM32CubeIDE/plugins/com.st.stm32cube.ide.mcu.externaltools.gnu-tools-for-stm32.11.3.rel1.win32_1.1.1.202309131626/tools/bin/../lib/gcc/arm-none-eabi/11.3.1/thumb/v7e-m+fp/hard/crtn.o
                0x0000000020018000                _estack = (ORIGIN (RAM) + LENGTH (RAM))
                0x0000000000000200                _Min_Heap_Size = 0x200
                0x0000000000000400                _Min_Stack_Size = 0x400

.isr_vector     0x0000000008000000      0x188
                0x0000000008000000                . = ALIGN (0x4)
 *(.isr_vector)
 .isr_vector    0x0000000008000000      0x188 ./Core/Startup/startup_stm32l475vgtx.o
                0x0000000008000000                g_pfnVectors
                0x0000000008000188                . = ALIGN (0x4)

.text           0x0000000008000188     0x329c
                0x0000000008000188                . = ALIGN (0x4)
 *(.text)
 .text          0x0000000008000188       0x40 C:/ST/STM32CubeIDE_1.13.2/STM32CubeIDE/plugins/com.st.stm32cube.ide.mcu.externaltools.gnu-tools-for-stm32.11.3.rel1.win32_1.1.1.202309131626/tools/bin/../lib/gcc/arm-none-eabi/11.3.1/thumb/v7e-m+fp/hard/crtbegin.o
 *(.text*)
 .text.ble_init
                0x00000000080001c8      0x234 ./Core/Src/ble.o
                0x00000000080001c8                ble_init
 .text.fetchBleEvent
                0x00000000080003fc      0x114 ./Core/Src/ble.o
                0x00000000080003fc                fetchBleEvent
 .text.checkEventResp
                0x0000000008000510       0x4c ./Core/Src/ble.o
                0x0000000008000510                checkEventResp
 .text.sendCommand
                0x000000000800055c       0x98 ./Core/Src/ble.o
                0x000000000800055c                sendCommand
 .text.catchBLE
                0x00000000080005f4       0x3c ./Core/Src/ble.o
                0x00000000080005f4                catchBLE
 .text.setConnectable
                0x0000000008000630       0xfc ./Core/Src/ble.o
                0x0000000008000630                setConnectable
 .text.BLE_command
                0x000000000800072c       0x98 ./Core/Src/ble.o
                0x000000000800072c                BLE_command
 .text.addService
                0x00000000080007c4       0x70 ./Core/Src/ble.o
                0x00000000080007c4                addService
 .text.addCharacteristic
                0x0000000008000834       0x84 ./Core/Src/ble.o
                0x0000000008000834                addCharacteristic
 .text.updateCharValue
                0x00000000080008b8       0xa8 ./Core/Src/ble.o
                0x00000000080008b8                updateCharValue
 .text.i2c_transaction
                0x0000000008000960       0xd0 ./Core/Src/i2c.o
                0x0000000008000960                i2c_transaction
 .text.leds_set
                0x0000000008000a30       0x6c ./Core/Src/leds.o
                0x0000000008000a30                leds_set
 .text.lsm6dsl_read_xyz
                0x0000000008000a9c      0x104 ./Core/Src/lsm6dsl.o
                0x0000000008000a9c                lsm6dsl_read_xyz
 .text.TIM2_IRQHandler
                0x0000000008000ba0       0xa8 ./Core/Src/main.o
                0x0000000008000ba0                TIM2_IRQHandler
 .text.main     0x0000000008000c48      0x16c ./Core/Src/main.o
                0x0000000008000c48                main
 .text.SystemClock_Config
                0x0000000008000db4       0x8c ./Core/Src/main.o
                0x0000000008000db4                SystemClock_Config
 .text.MX_SPI3_Init
                0x0000000008000e40       0x7c ./Core/Src/main.o
 .text.MX_GPIO_Init
                0x0000000008000ebc      0x130 ./Core/Src/main.o
 .text.Error_Handler
                0x0000000008000fec        0xa ./Core/Src/main.o
                0x0000000008000fec                Error_Handler
 *fill*         0x0000000008000ff6        0x2 
 .text.HAL_MspInit
                0x0000000008000ff8       0x48 ./Core/Src/stm32l4xx_hal_msp.o
                0x0000000008000ff8                HAL_MspInit
 .text.HAL_SPI_MspInit
                0x0000000008001040       0x88 ./Core/Src/stm32l4xx_hal_msp.o
                0x0000000008001040                HAL_SPI_MspInit
 .text.NMI_Handler
                0x00000000080010c8        0x6 ./Core/Src/stm32l4xx_it.o
                0x00000000080010c8                NMI_Handler
 .text.HardFault_Handler
                0x00000000080010ce        0x6 ./Core/Src/stm32l4xx_it.o
                0x00000000080010ce                HardFault_Handler
 .text.MemManage_Handler
                0x00000000080010d4        0x6 ./Core/Src/stm32l4xx_it.o
                0x00000000080010d4                MemManage_Handler
 .text.BusFault_Handler
                0x00000000080010da        0x6 ./Core/Src/stm32l4xx_it.o
                0x00000000080010da                BusFault_Handler
 .text.UsageFault_Handler
                0x00000000080010e0        0x6 ./Core/Src/stm32l4xx_it.o
                0x00000000080010e0                UsageFault_Handler
 .text.SVC_Handler
                0x00000000080010e6        0xe ./Core/Src/stm32l4xx_it.o
                0x00000000080010e6                SVC_Handler
 .text.DebugMon_Handler
                0x00000000080010f4        0xe ./Core/Src/stm32l4xx_it.o
                0x00000000080010f4                DebugMon_Handler
 .text.PendSV_Handler
                0x0000000008001102        0xe ./Core/Src/stm32l4xx_it.o
                0x0000000008001102                PendSV_Handler
 .text.SysTick_Handler
                0x0000000008001110        0xc ./Core/Src/stm32l4xx_it.o
                0x0000000008001110                SysTick_Handler
 .text.EXTI9_5_IRQHandler
                0x000000000800111c       0x18 ./Core/Src/stm32l4xx_it.o
                0x000000000800111c                EXTI9_5_IRQHandler
 .text._sbrk    0x0000000008001134       0x58 ./Core/Src/syscalls.o
                0x0000000008001134                _sbrk
 .text.SystemInit
                0x000000000800118c       0x6c ./Core/Src/system_stm32l4xx.o
                0x000000000800118c                SystemInit
 .text.timer_reset
                0x00000000080011f8       0x26 ./Core/Src/timer.o
                0x00000000080011f8                timer_reset
 *fill*         0x000000000800121e        0x2 
 .text.Reset_Handler
                0x0000000008001220       0x50 ./Core/Startup/startup_stm32l475vgtx.o
                0x0000000008001220                Reset_Handler
 .text.Default_Handler
                0x0000000008001270        0x2 ./Core/Startup/startup_stm32l475vgtx.o
                0x0000000008001270                RTC_Alarm_IRQHandler
                0x0000000008001270                EXTI2_IRQHandler
                0x0000000008001270                TIM8_TRG_COM_IRQHandler
                0x0000000008001270                TIM8_CC_IRQHandler
                0x0000000008001270                TIM1_CC_IRQHandler
                0x0000000008001270                TSC_IRQHandler
                0x0000000008001270                TAMP_STAMP_IRQHandler
                0x0000000008001270                EXTI3_IRQHandler
                0x0000000008001270                LPTIM2_IRQHandler
                0x0000000008001270                DFSDM1_FLT1_IRQHandler
                0x0000000008001270                I2C3_ER_IRQHandler
                0x0000000008001270                DFSDM1_FLT2_IRQHandler
                0x0000000008001270                EXTI0_IRQHandler
                0x0000000008001270                I2C2_EV_IRQHandler
                0x0000000008001270                CAN1_RX0_IRQHandler
                0x0000000008001270                FPU_IRQHandler
                0x0000000008001270                TIM1_UP_TIM16_IRQHandler
                0x0000000008001270                ADC1_2_IRQHandler
                0x0000000008001270                SPI1_IRQHandler
                0x0000000008001270                TIM6_DAC_IRQHandler
                0x0000000008001270                TIM8_UP_IRQHandler
                0x0000000008001270                DMA2_Channel2_IRQHandler
                0x0000000008001270                DMA1_Channel4_IRQHandler
                0x0000000008001270                SAI2_IRQHandler
                0x0000000008001270                DFSDM1_FLT3_IRQHandler
                0x0000000008001270                USART3_IRQHandler
                0x0000000008001270                DMA1_Channel7_IRQHandler
                0x0000000008001270                CAN1_RX1_IRQHandler
                0x0000000008001270                UART5_IRQHandler
                0x0000000008001270                ADC3_IRQHandler
                0x0000000008001270                TIM4_IRQHandler
                0x0000000008001270                DMA2_Channel1_IRQHandler
                0x0000000008001270                QUADSPI_IRQHandler
                0x0000000008001270                I2C1_EV_IRQHandler
                0x0000000008001270                DMA1_Channel6_IRQHandler
                0x0000000008001270                UART4_IRQHandler
                0x0000000008001270                DMA2_Channel4_IRQHandler
                0x0000000008001270                TIM3_IRQHandler
                0x0000000008001270                RCC_IRQHandler
                0x0000000008001270                DMA1_Channel1_IRQHandler
                0x0000000008001270                Default_Handler
                0x0000000008001270                DMA2_Channel7_IRQHandler
                0x0000000008001270                EXTI15_10_IRQHandler
                0x0000000008001270                TIM7_IRQHandler
                0x0000000008001270                SDMMC1_IRQHandler
                0x0000000008001270                TIM5_IRQHandler
                0x0000000008001270                I2C3_EV_IRQHandler
                0x0000000008001270                RTC_WKUP_IRQHandler
                0x0000000008001270                PVD_PVM_IRQHandler
                0x0000000008001270                SPI2_IRQHandler
                0x0000000008001270                CAN1_TX_IRQHandler
                0x0000000008001270                DMA2_Channel5_IRQHandler
                0x0000000008001270                DMA1_Channel5_IRQHandler
                0x0000000008001270                EXTI4_IRQHandler
                0x0000000008001270                RNG_IRQHandler
                0x0000000008001270                TIM1_TRG_COM_TIM17_IRQHandler
                0x0000000008001270                DMA1_Channel3_IRQHandler
                0x0000000008001270                COMP_IRQHandler
                0x0000000008001270                WWDG_IRQHandler
                0x0000000008001270                LPUART1_IRQHandler
                0x0000000008001270                DMA2_Channel6_IRQHandler
                0x0000000008001270                EXTI1_IRQHandler
                0x0000000008001270                USART2_IRQHandler
                0x0000000008001270                DFSDM1_FLT0_IRQHandler
                0x0000000008001270                I2C2_ER_IRQHandler
                0x0000000008001270                DMA1_Channel2_IRQHandler
                0x0000000008001270                TIM8_BRK_IRQHandler
                0x0000000008001270                CAN1_SCE_IRQHandler
                0x0000000008001270                FLASH_IRQHandler
                0x0000000008001270                USART1_IRQHandler
                0x0000000008001270                OTG_FS_IRQHandler
                0x0000000008001270                SPI3_IRQHandler
                0x0000000008001270                I2C1_ER_IRQHandler
                0x0000000008001270                FMC_IRQHandler
                0x0000000008001270                SWPMI1_IRQHandler
                0x0000000008001270                LPTIM1_IRQHandler
                0x0000000008001270                SAI1_IRQHandler
                0x0000000008001270                DMA2_Channel3_IRQHandler
                0x0000000008001270                TIM1_BRK_TIM15_IRQHandler
 .text.HAL_Init
                0x0000000008001272       0x30 ./Drivers/STM32L4xx_HAL_Driver/Src/stm32l4xx_hal.o
                0x0000000008001272                HAL_Init
 *fill*         0x00000000080012a2        0x2 
 .text.HAL_InitTick
                0x00000000080012a4       0x78 ./Drivers/STM32L4xx_HAL_Driver/Src/stm32l4xx_hal.o
                0x00000000080012a4                HAL_InitTick
 .text.HAL_IncTick
                0x000000000800131c       0x28 ./Drivers/STM32L4xx_HAL_Driver/Src/stm32l4xx_hal.o
                0x000000000800131c                HAL_IncTick
 .text.HAL_GetTick
                0x0000000008001344       0x18 ./Drivers/STM32L4xx_HAL_Driver/Src/stm32l4xx_hal.o
                0x0000000008001344                HAL_GetTick
 .text.HAL_Delay
                0x000000000800135c       0x48 ./Drivers/STM32L4xx_HAL_Driver/Src/stm32l4xx_hal.o
                0x000000000800135c                HAL_Delay
 .text.__NVIC_SetPriorityGrouping
                0x00000000080013a4       0x48 ./Drivers/STM32L4xx_HAL_Driver/Src/stm32l4xx_hal_cortex.o
 .text.__NVIC_GetPriorityGrouping
                0x00000000080013ec       0x1c ./Drivers/STM32L4xx_HAL_Driver/Src/stm32l4xx_hal_cortex.o
 .text.__NVIC_EnableIRQ
                0x0000000008001408       0x3c ./Drivers/STM32L4xx_HAL_Driver/Src/stm32l4xx_hal_cortex.o
 .text.__NVIC_SetPriority
                0x0000000008001444       0x54 ./Drivers/STM32L4xx_HAL_Driver/Src/stm32l4xx_hal_cortex.o
 .text.NVIC_EncodePriority
                0x0000000008001498       0x66 ./Drivers/STM32L4xx_HAL_Driver/Src/stm32l4xx_hal_cortex.o
 *fill*         0x00000000080014fe        0x2 
 .text.SysTick_Config
                0x0000000008001500       0x44 ./Drivers/STM32L4xx_HAL_Driver/Src/stm32l4xx_hal_cortex.o
 .text.HAL_NVIC_SetPriorityGrouping
                0x0000000008001544       0x16 ./Drivers/STM32L4xx_HAL_Driver/Src/stm32l4xx_hal_cortex.o
                0x0000000008001544                HAL_NVIC_SetPriorityGrouping
 .text.HAL_NVIC_SetPriority
                0x000000000800155a       0x38 ./Drivers/STM32L4xx_HAL_Driver/Src/stm32l4xx_hal_cortex.o
                0x000000000800155a                HAL_NVIC_SetPriority
 .text.HAL_NVIC_EnableIRQ
                0x0000000008001592       0x1c ./Drivers/STM32L4xx_HAL_Driver/Src/stm32l4xx_hal_cortex.o
                0x0000000008001592                HAL_NVIC_EnableIRQ
 .text.HAL_SYSTICK_Config
                0x00000000080015ae       0x18 ./Drivers/STM32L4xx_HAL_Driver/Src/stm32l4xx_hal_cortex.o
                0x00000000080015ae                HAL_SYSTICK_Config
 *fill*         0x00000000080015c6        0x2 
 .text.HAL_GPIO_Init
                0x00000000080015c8      0x354 ./Drivers/STM32L4xx_HAL_Driver/Src/stm32l4xx_hal_gpio.o
                0x00000000080015c8                HAL_GPIO_Init
 .text.HAL_GPIO_ReadPin
                0x000000000800191c       0x30 ./Drivers/STM32L4xx_HAL_Driver/Src/stm32l4xx_hal_gpio.o
                0x000000000800191c                HAL_GPIO_ReadPin
 .text.HAL_GPIO_WritePin
                0x000000000800194c       0x30 ./Drivers/STM32L4xx_HAL_Driver/Src/stm32l4xx_hal_gpio.o
                0x000000000800194c                HAL_GPIO_WritePin
 .text.HAL_GPIO_EXTI_IRQHandler
                0x000000000800197c       0x30 ./Drivers/STM32L4xx_HAL_Driver/Src/stm32l4xx_hal_gpio.o
                0x000000000800197c                HAL_GPIO_EXTI_IRQHandler
 .text.HAL_GPIO_EXTI_Callback
                0x00000000080019ac       0x16 ./Drivers/STM32L4xx_HAL_Driver/Src/stm32l4xx_hal_gpio.o
                0x00000000080019ac                HAL_GPIO_EXTI_Callback
 *fill*         0x00000000080019c2        0x2 
 .text.HAL_PWREx_GetVoltageRange
                0x00000000080019c4       0x1c ./Drivers/STM32L4xx_HAL_Driver/Src/stm32l4xx_hal_pwr_ex.o
                0x00000000080019c4                HAL_PWREx_GetVoltageRange
 .text.HAL_PWREx_ControlVoltageScaling
                0x00000000080019e0       0xac ./Drivers/STM32L4xx_HAL_Driver/Src/stm32l4xx_hal_pwr_ex.o
                0x00000000080019e0                HAL_PWREx_ControlVoltageScaling
 .text.HAL_RCC_OscConfig
                0x0000000008001a8c      0x7b8 ./Drivers/STM32L4xx_HAL_Driver/Src/stm32l4xx_hal_rcc.o
                0x0000000008001a8c                HAL_RCC_OscConfig
 .text.HAL_RCC_ClockConfig
                0x0000000008002244      0x200 ./Drivers/STM32L4xx_HAL_Driver/Src/stm32l4xx_hal_rcc.o
                0x0000000008002244                HAL_RCC_ClockConfig
 .text.HAL_RCC_GetSysClockFreq
                0x0000000008002444      0x118 ./Drivers/STM32L4xx_HAL_Driver/Src/stm32l4xx_hal_rcc.o
                0x0000000008002444                HAL_RCC_GetSysClockFreq
 .text.RCC_SetFlashLatencyFromMSIRange
                0x000000000800255c       0xc0 ./Drivers/STM32L4xx_HAL_Driver/Src/stm32l4xx_hal_rcc.o
 .text.HAL_SPI_Init
                0x000000000800261c      0x146 ./Drivers/STM32L4xx_HAL_Driver/Src/stm32l4xx_hal_spi.o
                0x000000000800261c                HAL_SPI_Init
 .text.HAL_SPI_Transmit
                0x0000000008002762      0x2ea ./Drivers/STM32L4xx_HAL_Driver/Src/stm32l4xx_hal_spi.o
                0x0000000008002762                HAL_SPI_Transmit
 .text.HAL_SPI_TransmitReceive
                0x0000000008002a4c      0x444 ./Drivers/STM32L4xx_HAL_Driver/Src/stm32l4xx_hal_spi.o
                0x0000000008002a4c                HAL_SPI_TransmitReceive
 .text.SPI_WaitFlagStateUntilTimeout
                0x0000000008002e90      0x110 ./Drivers/STM32L4xx_HAL_Driver/Src/stm32l4xx_hal_spi.o
 .text.SPI_WaitFifoStateUntilTimeout
                0x0000000008002fa0      0x12c ./Drivers/STM32L4xx_HAL_Driver/Src/stm32l4xx_hal_spi.o
 .text.SPI_EndRxTxTransaction
                0x00000000080030cc       0x8c ./Drivers/STM32L4xx_HAL_Driver/Src/stm32l4xx_hal_spi.o
 .text.malloc   0x0000000008003158       0x10 C:/ST/STM32CubeIDE_1.13.2/STM32CubeIDE/plugins/com.st.stm32cube.ide.mcu.externaltools.gnu-tools-for-stm32.11.3.rel1.win32_1.1.1.202309131626/tools/bin/../lib/gcc/arm-none-eabi/11.3.1/../../../../arm-none-eabi/lib/thumb/v7e-m+fp/hard\libc_nano.a(libc_a-malloc.o)
                0x0000000008003158                malloc
 .text.free     0x0000000008003168       0x10 C:/ST/STM32CubeIDE_1.13.2/STM32CubeIDE/plugins/com.st.stm32cube.ide.mcu.externaltools.gnu-tools-for-stm32.11.3.rel1.win32_1.1.1.202309131626/tools/bin/../lib/gcc/arm-none-eabi/11.3.1/../../../../arm-none-eabi/lib/thumb/v7e-m+fp/hard\libc_nano.a(libc_a-malloc.o)
                0x0000000008003168                free
 .text.sbrk_aligned
                0x0000000008003178       0x40 C:/ST/STM32CubeIDE_1.13.2/STM32CubeIDE/plugins/com.st.stm32cube.ide.mcu.externaltools.gnu-tools-for-stm32.11.3.rel1.win32_1.1.1.202309131626/tools/bin/../lib/gcc/arm-none-eabi/11.3.1/../../../../arm-none-eabi/lib/thumb/v7e-m+fp/hard\libc_nano.a(libc_a-mallocr.o)
 .text._malloc_r
                0x00000000080031b8      0x100 C:/ST/STM32CubeIDE_1.13.2/STM32CubeIDE/plugins/com.st.stm32cube.ide.mcu.externaltools.gnu-tools-for-stm32.11.3.rel1.win32_1.1.1.202309131626/tools/bin/../lib/gcc/arm-none-eabi/11.3.1/../../../../arm-none-eabi/lib/thumb/v7e-m+fp/hard\libc_nano.a(libc_a-mallocr.o)
                0x00000000080031b8                _malloc_r
 .text.__malloc_lock
                0x00000000080032b8        0xc C:/ST/STM32CubeIDE_1.13.2/STM32CubeIDE/plugins/com.st.stm32cube.ide.mcu.externaltools.gnu-tools-for-stm32.11.3.rel1.win32_1.1.1.202309131626/tools/bin/../lib/gcc/arm-none-eabi/11.3.1/../../../../arm-none-eabi/lib/thumb/v7e-m+fp/hard\libc_nano.a(libc_a-mlock.o)
                0x00000000080032b8                __malloc_lock
 .text.__malloc_unlock
                0x00000000080032c4        0xc C:/ST/STM32CubeIDE_1.13.2/STM32CubeIDE/plugins/com.st.stm32cube.ide.mcu.externaltools.gnu-tools-for-stm32.11.3.rel1.win32_1.1.1.202309131626/tools/bin/../lib/gcc/arm-none-eabi/11.3.1/../../../../arm-none-eabi/lib/thumb/v7e-m+fp/hard\libc_nano.a(libc_a-mlock.o)
                0x00000000080032c4                __malloc_unlock
 .text.memset   0x00000000080032d0       0x10 C:/ST/STM32CubeIDE_1.13.2/STM32CubeIDE/plugins/com.st.stm32cube.ide.mcu.externaltools.gnu-tools-for-stm32.11.3.rel1.win32_1.1.1.202309131626/tools/bin/../lib/gcc/arm-none-eabi/11.3.1/../../../../arm-none-eabi/lib/thumb/v7e-m+fp/hard\libc_nano.a(libc_a-memset.o)
                0x00000000080032d0                memset
 .text._sbrk_r  0x00000000080032e0       0x20 C:/ST/STM32CubeIDE_1.13.2/STM32CubeIDE/plugins/com.st.stm32cube.ide.mcu.externaltools.gnu-tools-for-stm32.11.3.rel1.win32_1.1.1.202309131626/tools/bin/../lib/gcc/arm-none-eabi/11.3.1/../../../../arm-none-eabi/lib/thumb/v7e-m+fp/hard\libc_nano.a(libc_a-sbrkr.o)
                0x00000000080032e0                _sbrk_r
 .text.__errno  0x0000000008003300        0xc C:/ST/STM32CubeIDE_1.13.2/STM32CubeIDE/plugins/com.st.stm32cube.ide.mcu.externaltools.gnu-tools-for-stm32.11.3.rel1.win32_1.1.1.202309131626/tools/bin/../lib/gcc/arm-none-eabi/11.3.1/../../../../arm-none-eabi/lib/thumb/v7e-m+fp/hard\libc_nano.a(libc_a-errno.o)
                0x0000000008003300                __errno
 .text.__libc_init_array
                0x000000000800330c       0x48 C:/ST/STM32CubeIDE_1.13.2/STM32CubeIDE/plugins/com.st.stm32cube.ide.mcu.externaltools.gnu-tools-for-stm32.11.3.rel1.win32_1.1.1.202309131626/tools/bin/../lib/gcc/arm-none-eabi/11.3.1/../../../../arm-none-eabi/lib/thumb/v7e-m+fp/hard\libc_nano.a(libc_a-init.o)
                0x000000000800330c                __libc_init_array
 .text.__retarget_lock_acquire_recursive
                0x0000000008003354        0x2 C:/ST/STM32CubeIDE_1.13.2/STM32CubeIDE/plugins/com.st.stm32cube.ide.mcu.externaltools.gnu-tools-for-stm32.11.3.rel1.win32_1.1.1.202309131626/tools/bin/../lib/gcc/arm-none-eabi/11.3.1/../../../../arm-none-eabi/lib/thumb/v7e-m+fp/hard\libc_nano.a(libc_a-lock.o)
                0x0000000008003354                __retarget_lock_acquire_recursive
 .text.__retarget_lock_release_recursive
                0x0000000008003356        0x2 C:/ST/STM32CubeIDE_1.13.2/STM32CubeIDE/plugins/com.st.stm32cube.ide.mcu.externaltools.gnu-tools-for-stm32.11.3.rel1.win32_1.1.1.202309131626/tools/bin/../lib/gcc/arm-none-eabi/11.3.1/../../../../arm-none-eabi/lib/thumb/v7e-m+fp/hard\libc_nano.a(libc_a-lock.o)
                0x0000000008003356                __retarget_lock_release_recursive
 .text.memcpy   0x0000000008003358       0x1c C:/ST/STM32CubeIDE_1.13.2/STM32CubeIDE/plugins/com.st.stm32cube.ide.mcu.externaltools.gnu-tools-for-stm32.11.3.rel1.win32_1.1.1.202309131626/tools/bin/../lib/gcc/arm-none-eabi/11.3.1/../../../../arm-none-eabi/lib/thumb/v7e-m+fp/hard\libc_nano.a(libc_a-memcpy-stub.o)
                0x0000000008003358                memcpy
 .text._free_r  0x0000000008003374       0x98 C:/ST/STM32CubeIDE_1.13.2/STM32CubeIDE/plugins/com.st.stm32cube.ide.mcu.externaltools.gnu-tools-for-stm32.11.3.rel1.win32_1.1.1.202309131626/tools/bin/../lib/gcc/arm-none-eabi/11.3.1/../../../../arm-none-eabi/lib/thumb/v7e-m+fp/hard\libc_nano.a(libc_a-freer.o)
                0x0000000008003374                _free_r
 *(.glue_7)
 .glue_7        0x000000000800340c        0x0 linker stubs
 *(.glue_7t)
 .glue_7t       0x000000000800340c        0x0 linker stubs
 *(.eh_frame)
 .eh_frame      0x000000000800340c        0x0 C:/ST/STM32CubeIDE_1.13.2/STM32CubeIDE/plugins/com.st.stm32cube.ide.mcu.externaltools.gnu-tools-for-stm32.11.3.rel1.win32_1.1.1.202309131626/tools/bin/../lib/gcc/arm-none-eabi/11.3.1/thumb/v7e-m+fp/hard/crtbegin.o
 *(.init)
 .init          0x000000000800340c        0x4 C:/ST/STM32CubeIDE_1.13.2/STM32CubeIDE/plugins/com.st.stm32cube.ide.mcu.externaltools.gnu-tools-for-stm32.11.3.rel1.win32_1.1.1.202309131626/tools/bin/../lib/gcc/arm-none-eabi/11.3.1/thumb/v7e-m+fp/hard/crti.o
                0x000000000800340c                _init
 .init          0x0000000008003410        0x8 C:/ST/STM32CubeIDE_1.13.2/STM32CubeIDE/plugins/com.st.stm32cube.ide.mcu.externaltools.gnu-tools-for-stm32.11.3.rel1.win32_1.1.1.202309131626/tools/bin/../lib/gcc/arm-none-eabi/11.3.1/thumb/v7e-m+fp/hard/crtn.o
 *(.fini)
 .fini          0x0000000008003418        0x4 C:/ST/STM32CubeIDE_1.13.2/STM32CubeIDE/plugins/com.st.stm32cube.ide.mcu.externaltools.gnu-tools-for-stm32.11.3.rel1.win32_1.1.1.202309131626/tools/bin/../lib/gcc/arm-none-eabi/11.3.1/thumb/v7e-m+fp/hard/crti.o
                0x0000000008003418                _fini
 .fini          0x000000000800341c        0x8 C:/ST/STM32CubeIDE_1.13.2/STM32CubeIDE/plugins/com.st.stm32cube.ide.mcu.externaltools.gnu-tools-for-stm32.11.3.rel1.win32_1.1.1.202309131626/tools/bin/../lib/gcc/arm-none-eabi/11.3.1/thumb/v7e-m+fp/hard/crtn.o
                0x0000000008003424                . = ALIGN (0x4)
                0x0000000008003424                _etext = .

.vfp11_veneer   0x0000000008003424        0x0
 .vfp11_veneer  0x0000000008003424        0x0 linker stubs

.v4_bx          0x0000000008003424        0x0
 .v4_bx         0x0000000008003424        0x0 linker stubs

.iplt           0x0000000008003424        0x0
 .iplt          0x0000000008003424        0x0 C:/ST/STM32CubeIDE_1.13.2/STM32CubeIDE/plugins/com.st.stm32cube.ide.mcu.externaltools.gnu-tools-for-stm32.11.3.rel1.win32_1.1.1.202309131626/tools/bin/../lib/gcc/arm-none-eabi/11.3.1/thumb/v7e-m+fp/hard/crtbegin.o

.rodata         0x0000000008003424       0x64
                0x0000000008003424                . = ALIGN (0x4)
 *(.rodata)
 .rodata        0x0000000008003424        0xd ./Core/Src/ble.o
 *fill*         0x0000000008003431        0x3 
 .rodata        0x0000000008003434       0x13 ./Core/Src/main.o
 *(.rodata*)
 *fill*         0x0000000008003447        0x1 
 .rodata.AHBPrescTable
                0x0000000008003448       0x10 ./Core/Src/system_stm32l4xx.o
                0x0000000008003448                AHBPrescTable
 .rodata.MSIRangeTable
                0x0000000008003458       0x30 ./Core/Src/system_stm32l4xx.o
                0x0000000008003458                MSIRangeTable
                0x0000000008003488                . = ALIGN (0x4)

.rel.dyn        0x0000000008003488        0x0
 .rel.iplt      0x0000000008003488        0x0 C:/ST/STM32CubeIDE_1.13.2/STM32CubeIDE/plugins/com.st.stm32cube.ide.mcu.externaltools.gnu-tools-for-stm32.11.3.rel1.win32_1.1.1.202309131626/tools/bin/../lib/gcc/arm-none-eabi/11.3.1/thumb/v7e-m+fp/hard/crtbegin.o

.ARM.extab      0x0000000008003488        0x0
                0x0000000008003488                . = ALIGN (0x4)
 *(.ARM.extab* .gnu.linkonce.armextab.*)
                0x0000000008003488                . = ALIGN (0x4)

.ARM            0x0000000008003488        0x0
                0x0000000008003488                . = ALIGN (0x4)
                0x0000000008003488                __exidx_start = .
 *(.ARM.exidx*)
                0x0000000008003488                __exidx_end = .
                0x0000000008003488                . = ALIGN (0x4)

.preinit_array  0x0000000008003488        0x0
                0x0000000008003488                . = ALIGN (0x4)
                0x0000000008003488                PROVIDE (__preinit_array_start = .)
 *(.preinit_array*)
                0x0000000008003488                PROVIDE (__preinit_array_end = .)
                0x0000000008003488                . = ALIGN (0x4)

.init_array     0x0000000008003488        0x4
                0x0000000008003488                . = ALIGN (0x4)
                0x0000000008003488                PROVIDE (__init_array_start = .)
 *(SORT_BY_NAME(.init_array.*))
 *(.init_array*)
 .init_array    0x0000000008003488        0x4 C:/ST/STM32CubeIDE_1.13.2/STM32CubeIDE/plugins/com.st.stm32cube.ide.mcu.externaltools.gnu-tools-for-stm32.11.3.rel1.win32_1.1.1.202309131626/tools/bin/../lib/gcc/arm-none-eabi/11.3.1/thumb/v7e-m+fp/hard/crtbegin.o
                0x000000000800348c                PROVIDE (__init_array_end = .)
                0x000000000800348c                . = ALIGN (0x4)

.fini_array     0x000000000800348c        0x4
                0x000000000800348c                . = ALIGN (0x4)
                [!provide]                        PROVIDE (__fini_array_start = .)
 *(SORT_BY_NAME(.fini_array.*))
 *(.fini_array*)
 .fini_array    0x000000000800348c        0x4 C:/ST/STM32CubeIDE_1.13.2/STM32CubeIDE/plugins/com.st.stm32cube.ide.mcu.externaltools.gnu-tools-for-stm32.11.3.rel1.win32_1.1.1.202309131626/tools/bin/../lib/gcc/arm-none-eabi/11.3.1/thumb/v7e-m+fp/hard/crtbegin.o
                [!provide]                        PROVIDE (__fini_array_end = .)
                0x0000000008003490                . = ALIGN (0x4)
                0x0000000008003490                _sidata = LOADADDR (.data)

.data           0x0000000020000000      0x18c load address 0x0000000008003490
                0x0000000020000000                . = ALIGN (0x4)
                0x0000000020000000                _sdata = .
 *(.data)
 *(.data*)
 .data.EVENT_STATUP_DATA
                0x0000000020000000        0x6 ./Core/Src/ble.o
                0x0000000020000000                EVENT_STATUP_DATA
 *fill*         0x0000000020000006        0x2 
 .data.ACI_GATT_INIT
                0x0000000020000008        0x4 ./Core/Src/ble.o
                0x0000000020000008                ACI_GATT_INIT
 .data.ACI_GATT_INIT_COMPLETE
                0x000000002000000c        0x7 ./Core/Src/ble.o
                0x000000002000000c                ACI_GATT_INIT_COMPLETE
 *fill*         0x0000000020000013        0x1 
 .data.ACI_GAP_INIT
                0x0000000020000014        0x7 ./Core/Src/ble.o
                0x0000000020000014                ACI_GAP_INIT
 *fill*         0x000000002000001b        0x1 
 .data.ACI_GAP_INIT_COMPLETE
                0x000000002000001c        0x7 ./Core/Src/ble.o
                0x000000002000001c                ACI_GAP_INIT_COMPLETE
 *fill*         0x0000000020000023        0x1 
 .data.ACI_GAP_SET_AUTH
                0x0000000020000024       0x10 ./Core/Src/ble.o
                0x0000000020000024                ACI_GAP_SET_AUTH
 .data.ACI_GAP_SET_AUTH_RESP
                0x0000000020000034        0x7 ./Core/Src/ble.o
                0x0000000020000034                ACI_GAP_SET_AUTH_RESP
 *fill*         0x000000002000003b        0x1 
 .data.ACI_HAL_SET_TX_POWER_LEVEL
                0x000000002000003c        0x6 ./Core/Src/ble.o
                0x000000002000003c                ACI_HAL_SET_TX_POWER_LEVEL
 *fill*         0x0000000020000042        0x2 
 .data.ACI_HAL_SET_TX_POWER_LEVEL_COMPLETE
                0x0000000020000044        0x7 ./Core/Src/ble.o
                0x0000000020000044                ACI_HAL_SET_TX_POWER_LEVEL_COMPLETE
 *fill*         0x000000002000004b        0x1 
 .data.HCI_LE_SET_SCAN_RESPONSE_DATA
                0x000000002000004c       0x24 ./Core/Src/ble.o
                0x000000002000004c                HCI_LE_SET_SCAN_RESPONSE_DATA
 .data.HCI_LE_SET_SCAN_RESPONSE_DATA_COMPLETE
                0x0000000020000070        0x7 ./Core/Src/ble.o
                0x0000000020000070                HCI_LE_SET_SCAN_RESPONSE_DATA_COMPLETE
 *fill*         0x0000000020000077        0x1 
 .data.ACI_GAP_SET_DISCOVERABLE
                0x0000000020000078        0xd ./Core/Src/ble.o
                0x0000000020000078                ACI_GAP_SET_DISCOVERABLE
 *fill*         0x0000000020000085        0x3 
 .data.ACI_GAP_SET_DISCOVERABLE_COMPLETE
                0x0000000020000088        0x7 ./Core/Src/ble.o
                0x0000000020000088                ACI_GAP_SET_DISCOVERABLE_COMPLETE
 *fill*         0x000000002000008f        0x1 
 .data.ADD_PRIMARY_SERVICE
                0x0000000020000090       0x17 ./Core/Src/ble.o
                0x0000000020000090                ADD_PRIMARY_SERVICE
 *fill*         0x00000000200000a7        0x1 
 .data.ADD_PRIMARY_SERVICE_COMPLETE
                0x00000000200000a8        0x7 ./Core/Src/ble.o
                0x00000000200000a8                ADD_PRIMARY_SERVICE_COMPLETE
 *fill*         0x00000000200000af        0x1 
 .data.ADD_CUSTOM_CHAR
                0x00000000200000b0       0x1e ./Core/Src/ble.o
                0x00000000200000b0                ADD_CUSTOM_CHAR
 *fill*         0x00000000200000ce        0x2 
 .data.ADD_CUSTOM_CHAR_COMPLETE
                0x00000000200000d0        0x7 ./Core/Src/ble.o
                0x00000000200000d0                ADD_CUSTOM_CHAR_COMPLETE
 *fill*         0x00000000200000d7        0x1 
 .data.UPDATE_CHAR
                0x00000000200000d8        0xf ./Core/Src/ble.o
                0x00000000200000d8                UPDATE_CHAR
 *fill*         0x00000000200000e7        0x1 
 .data.EVENT_DISCONNECTED
                0x00000000200000e8        0x4 ./Core/Src/ble.o
                0x00000000200000e8                EVENT_DISCONNECTED
 .data.deviceName
                0x00000000200000ec        0x6 ./Core/Src/ble.o
                0x00000000200000ec                deviceName
 *fill*         0x00000000200000f2        0x2 
 .data.UUID_NORDIC_UART_SERVICE
                0x00000000200000f4       0x10 ./Core/Src/ble.o
                0x00000000200000f4                UUID_NORDIC_UART_SERVICE
 .data.UUID_CHAR_WRITE
                0x0000000020000104       0x10 ./Core/Src/ble.o
                0x0000000020000104                UUID_CHAR_WRITE
 .data.UUID_CHAR_READ
                0x0000000020000114       0x10 ./Core/Src/ble.o
                0x0000000020000114                UUID_CHAR_READ
 .data.accelerometer
                0x0000000020000124        0x1 ./Core/Src/lsm6dsl.o
                0x0000000020000124                accelerometer
 *fill*         0x0000000020000125        0x3 
 .data.pattern1
                0x0000000020000128        0x4 ./Core/Src/main.o
                0x0000000020000128                pattern1
 .data.pattern2
                0x000000002000012c        0x4 ./Core/Src/main.o
                0x000000002000012c                pattern2
 .data.SystemCoreClock
                0x0000000020000130        0x4 ./Core/Src/system_stm32l4xx.o
                0x0000000020000130                SystemCoreClock
 .data.uwTickPrio
                0x0000000020000134        0x4 ./Drivers/STM32L4xx_HAL_Driver/Src/stm32l4xx_hal.o
                0x0000000020000134                uwTickPrio
 .data.uwTickFreq
                0x0000000020000138        0x1 ./Drivers/STM32L4xx_HAL_Driver/Src/stm32l4xx_hal.o
                0x0000000020000138                uwTickFreq
 *fill*         0x0000000020000139        0x3 
 .data._impure_data
                0x000000002000013c       0x4c C:/ST/STM32CubeIDE_1.13.2/STM32CubeIDE/plugins/com.st.stm32cube.ide.mcu.externaltools.gnu-tools-for-stm32.11.3.rel1.win32_1.1.1.202309131626/tools/bin/../lib/gcc/arm-none-eabi/11.3.1/../../../../arm-none-eabi/lib/thumb/v7e-m+fp/hard\libc_nano.a(libc_a-impure.o)
                0x000000002000013c                _impure_data
 .data._impure_ptr
                0x0000000020000188        0x4 C:/ST/STM32CubeIDE_1.13.2/STM32CubeIDE/plugins/com.st.stm32cube.ide.mcu.externaltools.gnu-tools-for-stm32.11.3.rel1.win32_1.1.1.202309131626/tools/bin/../lib/gcc/arm-none-eabi/11.3.1/../../../../arm-none-eabi/lib/thumb/v7e-m+fp/hard\libc_nano.a(libc_a-impure.o)
                0x0000000020000188                _impure_ptr
 *(.RamFunc)
 *(.RamFunc*)
                0x000000002000018c                . = ALIGN (0x4)
                0x000000002000018c                _edata = .

.igot.plt       0x000000002000018c        0x0 load address 0x000000000800361c
 .igot.plt      0x000000002000018c        0x0 C:/ST/STM32CubeIDE_1.13.2/STM32CubeIDE/plugins/com.st.stm32cube.ide.mcu.externaltools.gnu-tools-for-stm32.11.3.rel1.win32_1.1.1.202309131626/tools/bin/../lib/gcc/arm-none-eabi/11.3.1/thumb/v7e-m+fp/hard/crtbegin.o
                0x000000002000018c                . = ALIGN (0x4)

.bss            0x000000002000018c      0x304 load address 0x000000000800361c
                0x000000002000018c                _sbss = .
                0x000000002000018c                __bss_start__ = _sbss
 *(.bss)
 .bss           0x000000002000018c       0x1c C:/ST/STM32CubeIDE_1.13.2/STM32CubeIDE/plugins/com.st.stm32cube.ide.mcu.externaltools.gnu-tools-for-stm32.11.3.rel1.win32_1.1.1.202309131626/tools/bin/../lib/gcc/arm-none-eabi/11.3.1/thumb/v7e-m+fp/hard/crtbegin.o
 *(.bss*)
 .bss.GAP_SERVICE_HANDLE
                0x00000000200001a8        0x2 ./Core/Src/ble.o
                0x00000000200001a8                GAP_SERVICE_HANDLE
 *fill*         0x00000000200001aa        0x2 
 .bss.GAP_CHAR_NAME_HANDLE
                0x00000000200001ac        0x2 ./Core/Src/ble.o
                0x00000000200001ac                GAP_CHAR_NAME_HANDLE
 *fill*         0x00000000200001ae        0x2 
 .bss.GAP_CHAR_APP_HANDLE
                0x00000000200001b0        0x2 ./Core/Src/ble.o
                0x00000000200001b0                GAP_CHAR_APP_HANDLE
 *fill*         0x00000000200001b2        0x2 
 .bss.buffer    0x00000000200001b4       0xff ./Core/Src/ble.o
                0x00000000200001b4                buffer
 *fill*         0x00000000200002b3        0x1 
 .bss.NORDIC_UART_SERVICE_HANDLE
                0x00000000200002b4        0x2 ./Core/Src/ble.o
                0x00000000200002b4                NORDIC_UART_SERVICE_HANDLE
 *fill*         0x00000000200002b6        0x2 
 .bss.WRITE_CHAR_HANDLE
                0x00000000200002b8        0x2 ./Core/Src/ble.o
                0x00000000200002b8                WRITE_CHAR_HANDLE
 *fill*         0x00000000200002ba        0x2 
 .bss.READ_CHAR_HANDLE
                0x00000000200002bc        0x2 ./Core/Src/ble.o
                0x00000000200002bc                READ_CHAR_HANDLE
 .bss.stackInitCompleteFlag
                0x00000000200002be        0x2 ./Core/Src/ble.o
                0x00000000200002be                stackInitCompleteFlag
 .bss.rxEvent   0x00000000200002c0        0x4 ./Core/Src/ble.o
                0x00000000200002c0                rxEvent
 .bss.cnt       0x00000000200002c4        0x4 ./Core/Src/main.o
                0x00000000200002c4                cnt
 .bss.led1      0x00000000200002c8        0x4 ./Core/Src/main.o
                0x00000000200002c8                led1
 .bss.led2      0x00000000200002cc        0x4 ./Core/Src/main.o
                0x00000000200002cc                led2
 .bss.inplace   0x00000000200002d0        0x2 ./Core/Src/main.o
                0x00000000200002d0                inplace
 .bss.x         0x00000000200002d2        0x2 ./Core/Src/main.o
                0x00000000200002d2                x
 .bss.y         0x00000000200002d4        0x2 ./Core/Src/main.o
                0x00000000200002d4                y
 .bss.z         0x00000000200002d6        0x2 ./Core/Src/main.o
                0x00000000200002d6                z
 .bss.dataAvailable
                0x00000000200002d8        0x4 ./Core/Src/main.o
                0x00000000200002d8                dataAvailable
 .bss.hspi3     0x00000000200002dc       0x64 ./Core/Src/main.o
                0x00000000200002dc                hspi3
 .bss.heap_end.0
                0x0000000020000340        0x4 ./Core/Src/syscalls.o
 .bss.uwTick    0x0000000020000344        0x4 ./Drivers/STM32L4xx_HAL_Driver/Src/stm32l4xx_hal.o
                0x0000000020000344                uwTick
 .bss.__malloc_free_list
                0x0000000020000348        0x4 C:/ST/STM32CubeIDE_1.13.2/STM32CubeIDE/plugins/com.st.stm32cube.ide.mcu.externaltools.gnu-tools-for-stm32.11.3.rel1.win32_1.1.1.202309131626/tools/bin/../lib/gcc/arm-none-eabi/11.3.1/../../../../arm-none-eabi/lib/thumb/v7e-m+fp/hard\libc_nano.a(libc_a-mallocr.o)
                0x0000000020000348                __malloc_free_list
 .bss.__malloc_sbrk_start
                0x000000002000034c        0x4 C:/ST/STM32CubeIDE_1.13.2/STM32CubeIDE/plugins/com.st.stm32cube.ide.mcu.externaltools.gnu-tools-for-stm32.11.3.rel1.win32_1.1.1.202309131626/tools/bin/../lib/gcc/arm-none-eabi/11.3.1/../../../../arm-none-eabi/lib/thumb/v7e-m+fp/hard\libc_nano.a(libc_a-mallocr.o)
                0x000000002000034c                __malloc_sbrk_start
 .bss.__sf      0x0000000020000350      0x138 C:/ST/STM32CubeIDE_1.13.2/STM32CubeIDE/plugins/com.st.stm32cube.ide.mcu.externaltools.gnu-tools-for-stm32.11.3.rel1.win32_1.1.1.202309131626/tools/bin/../lib/gcc/arm-none-eabi/11.3.1/../../../../arm-none-eabi/lib/thumb/v7e-m+fp/hard\libc_nano.a(libc_a-findfp.o)
                0x0000000020000350                __sf
 .bss.errno     0x0000000020000488        0x4 C:/ST/STM32CubeIDE_1.13.2/STM32CubeIDE/plugins/com.st.stm32cube.ide.mcu.externaltools.gnu-tools-for-stm32.11.3.rel1.win32_1.1.1.202309131626/tools/bin/../lib/gcc/arm-none-eabi/11.3.1/../../../../arm-none-eabi/lib/thumb/v7e-m+fp/hard\libc_nano.a(libc_a-reent.o)
                0x0000000020000488                errno
 .bss.__lock___malloc_recursive_mutex
                0x000000002000048c        0x1 C:/ST/STM32CubeIDE_1.13.2/STM32CubeIDE/plugins/com.st.stm32cube.ide.mcu.externaltools.gnu-tools-for-stm32.11.3.rel1.win32_1.1.1.202309131626/tools/bin/../lib/gcc/arm-none-eabi/11.3.1/../../../../arm-none-eabi/lib/thumb/v7e-m+fp/hard\libc_nano.a(libc_a-lock.o)
                0x000000002000048c                __lock___malloc_recursive_mutex
 *(COMMON)
                0x0000000020000490                . = ALIGN (0x4)
 *fill*         0x000000002000048d        0x3 
                0x0000000020000490                _ebss = .
                0x0000000020000490                __bss_end__ = _ebss

._user_heap_stack
                0x0000000020000490      0x600 load address 0x000000000800361c
                0x0000000020000490                . = ALIGN (0x8)
                0x0000000020000490                PROVIDE (end = .)
                [!provide]                        PROVIDE (_end = .)
                0x0000000020000690                . = (. + _Min_Heap_Size)
 *fill*         0x0000000020000490      0x200 
                0x0000000020000a90                . = (. + _Min_Stack_Size)
 *fill*         0x0000000020000690      0x400 
                0x0000000020000a90                . = ALIGN (0x8)

/DISCARD/
 libc.a(*)
 libm.a(*)
 libgcc.a(*)

.ARM.attributes
                0x0000000000000000       0x30
 *(.ARM.attributes)
 .ARM.attributes
                0x0000000000000000       0x1e C:/ST/STM32CubeIDE_1.13.2/STM32CubeIDE/plugins/com.st.stm32cube.ide.mcu.externaltools.gnu-tools-for-stm32.11.3.rel1.win32_1.1.1.202309131626/tools/bin/../lib/gcc/arm-none-eabi/11.3.1/thumb/v7e-m+fp/hard/crti.o
 .ARM.attributes
                0x000000000000001e       0x34 C:/ST/STM32CubeIDE_1.13.2/STM32CubeIDE/plugins/com.st.stm32cube.ide.mcu.externaltools.gnu-tools-for-stm32.11.3.rel1.win32_1.1.1.202309131626/tools/bin/../lib/gcc/arm-none-eabi/11.3.1/thumb/v7e-m+fp/hard/crtbegin.o
 .ARM.attributes
                0x0000000000000052       0x34 ./Core/Src/ble.o
 .ARM.attributes
                0x0000000000000086       0x34 ./Core/Src/i2c.o
 .ARM.attributes
                0x00000000000000ba       0x34 ./Core/Src/leds.o
 .ARM.attributes
                0x00000000000000ee       0x34 ./Core/Src/lsm6dsl.o
 .ARM.attributes
                0x0000000000000122       0x34 ./Core/Src/main.o
 .ARM.attributes
                0x0000000000000156       0x34 ./Core/Src/stm32l4xx_hal_msp.o
 .ARM.attributes
                0x000000000000018a       0x34 ./Core/Src/stm32l4xx_it.o
 .ARM.attributes
                0x00000000000001be       0x34 ./Core/Src/syscalls.o
 .ARM.attributes
                0x00000000000001f2       0x34 ./Core/Src/system_stm32l4xx.o
 .ARM.attributes
                0x0000000000000226       0x34 ./Core/Src/timer.o
 .ARM.attributes
                0x000000000000025a       0x21 ./Core/Startup/startup_stm32l475vgtx.o
 .ARM.attributes
                0x000000000000027b       0x34 ./Drivers/STM32L4xx_HAL_Driver/Src/stm32l4xx_hal.o
 .ARM.attributes
                0x00000000000002af       0x34 ./Drivers/STM32L4xx_HAL_Driver/Src/stm32l4xx_hal_cortex.o
 .ARM.attributes
                0x00000000000002e3       0x34 ./Drivers/STM32L4xx_HAL_Driver/Src/stm32l4xx_hal_gpio.o
 .ARM.attributes
                0x0000000000000317       0x34 ./Drivers/STM32L4xx_HAL_Driver/Src/stm32l4xx_hal_pwr_ex.o
 .ARM.attributes
                0x000000000000034b       0x34 ./Drivers/STM32L4xx_HAL_Driver/Src/stm32l4xx_hal_rcc.o
 .ARM.attributes
                0x000000000000037f       0x34 ./Drivers/STM32L4xx_HAL_Driver/Src/stm32l4xx_hal_spi.o
 .ARM.attributes
                0x00000000000003b3       0x34 C:/ST/STM32CubeIDE_1.13.2/STM32CubeIDE/plugins/com.st.stm32cube.ide.mcu.externaltools.gnu-tools-for-stm32.11.3.rel1.win32_1.1.1.202309131626/tools/bin/../lib/gcc/arm-none-eabi/11.3.1/../../../../arm-none-eabi/lib/thumb/v7e-m+fp/hard\libc_nano.a(libc_a-malloc.o)
 .ARM.attributes
                0x00000000000003e7       0x34 C:/ST/STM32CubeIDE_1.13.2/STM32CubeIDE/plugins/com.st.stm32cube.ide.mcu.externaltools.gnu-tools-for-stm32.11.3.rel1.win32_1.1.1.202309131626/tools/bin/../lib/gcc/arm-none-eabi/11.3.1/../../../../arm-none-eabi/lib/thumb/v7e-m+fp/hard\libc_nano.a(libc_a-mallocr.o)
 .ARM.attributes
                0x000000000000041b       0x34 C:/ST/STM32CubeIDE_1.13.2/STM32CubeIDE/plugins/com.st.stm32cube.ide.mcu.externaltools.gnu-tools-for-stm32.11.3.rel1.win32_1.1.1.202309131626/tools/bin/../lib/gcc/arm-none-eabi/11.3.1/../../../../arm-none-eabi/lib/thumb/v7e-m+fp/hard\libc_nano.a(libc_a-mlock.o)
 .ARM.attributes
                0x000000000000044f       0x34 C:/ST/STM32CubeIDE_1.13.2/STM32CubeIDE/plugins/com.st.stm32cube.ide.mcu.externaltools.gnu-tools-for-stm32.11.3.rel1.win32_1.1.1.202309131626/tools/bin/../lib/gcc/arm-none-eabi/11.3.1/../../../../arm-none-eabi/lib/thumb/v7e-m+fp/hard\libc_nano.a(libc_a-findfp.o)
 .ARM.attributes
                0x0000000000000483       0x34 C:/ST/STM32CubeIDE_1.13.2/STM32CubeIDE/plugins/com.st.stm32cube.ide.mcu.externaltools.gnu-tools-for-stm32.11.3.rel1.win32_1.1.1.202309131626/tools/bin/../lib/gcc/arm-none-eabi/11.3.1/../../../../arm-none-eabi/lib/thumb/v7e-m+fp/hard\libc_nano.a(libc_a-memset.o)
 .ARM.attributes
                0x00000000000004b7       0x34 C:/ST/STM32CubeIDE_1.13.2/STM32CubeIDE/plugins/com.st.stm32cube.ide.mcu.externaltools.gnu-tools-for-stm32.11.3.rel1.win32_1.1.1.202309131626/tools/bin/../lib/gcc/arm-none-eabi/11.3.1/../../../../arm-none-eabi/lib/thumb/v7e-m+fp/hard\libc_nano.a(libc_a-reent.o)
 .ARM.attributes
                0x00000000000004eb       0x34 C:/ST/STM32CubeIDE_1.13.2/STM32CubeIDE/plugins/com.st.stm32cube.ide.mcu.externaltools.gnu-tools-for-stm32.11.3.rel1.win32_1.1.1.202309131626/tools/bin/../lib/gcc/arm-none-eabi/11.3.1/../../../../arm-none-eabi/lib/thumb/v7e-m+fp/hard\libc_nano.a(libc_a-impure.o)
 .ARM.attributes
                0x000000000000051f       0x34 C:/ST/STM32CubeIDE_1.13.2/STM32CubeIDE/plugins/com.st.stm32cube.ide.mcu.externaltools.gnu-tools-for-stm32.11.3.rel1.win32_1.1.1.202309131626/tools/bin/../lib/gcc/arm-none-eabi/11.3.1/../../../../arm-none-eabi/lib/thumb/v7e-m+fp/hard\libc_nano.a(libc_a-sbrkr.o)
 .ARM.attributes
                0x0000000000000553       0x34 C:/ST/STM32CubeIDE_1.13.2/STM32CubeIDE/plugins/com.st.stm32cube.ide.mcu.externaltools.gnu-tools-for-stm32.11.3.rel1.win32_1.1.1.202309131626/tools/bin/../lib/gcc/arm-none-eabi/11.3.1/../../../../arm-none-eabi/lib/thumb/v7e-m+fp/hard\libc_nano.a(libc_a-errno.o)
 .ARM.attributes
                0x0000000000000587       0x34 C:/ST/STM32CubeIDE_1.13.2/STM32CubeIDE/plugins/com.st.stm32cube.ide.mcu.externaltools.gnu-tools-for-stm32.11.3.rel1.win32_1.1.1.202309131626/tools/bin/../lib/gcc/arm-none-eabi/11.3.1/../../../../arm-none-eabi/lib/thumb/v7e-m+fp/hard\libc_nano.a(libc_a-init.o)
 .ARM.attributes
                0x00000000000005bb       0x34 C:/ST/STM32CubeIDE_1.13.2/STM32CubeIDE/plugins/com.st.stm32cube.ide.mcu.externaltools.gnu-tools-for-stm32.11.3.rel1.win32_1.1.1.202309131626/tools/bin/../lib/gcc/arm-none-eabi/11.3.1/../../../../arm-none-eabi/lib/thumb/v7e-m+fp/hard\libc_nano.a(libc_a-lock.o)
 .ARM.attributes
                0x00000000000005ef       0x34 C:/ST/STM32CubeIDE_1.13.2/STM32CubeIDE/plugins/com.st.stm32cube.ide.mcu.externaltools.gnu-tools-for-stm32.11.3.rel1.win32_1.1.1.202309131626/tools/bin/../lib/gcc/arm-none-eabi/11.3.1/../../../../arm-none-eabi/lib/thumb/v7e-m+fp/hard\libc_nano.a(libc_a-memcpy-stub.o)
 .ARM.attributes
                0x0000000000000623       0x34 C:/ST/STM32CubeIDE_1.13.2/STM32CubeIDE/plugins/com.st.stm32cube.ide.mcu.externaltools.gnu-tools-for-stm32.11.3.rel1.win32_1.1.1.202309131626/tools/bin/../lib/gcc/arm-none-eabi/11.3.1/../../../../arm-none-eabi/lib/thumb/v7e-m+fp/hard\libc_nano.a(libc_a-freer.o)
 .ARM.attributes
                0x0000000000000657       0x1e C:/ST/STM32CubeIDE_1.13.2/STM32CubeIDE/plugins/com.st.stm32cube.ide.mcu.externaltools.gnu-tools-for-stm32.11.3.rel1.win32_1.1.1.202309131626/tools/bin/../lib/gcc/arm-none-eabi/11.3.1/thumb/v7e-m+fp/hard/crtn.o
OUTPUT(youlostit-ble-p3.elf elf32-littlearm)
LOAD linker stubs
LOAD C:/ST/STM32CubeIDE_1.13.2/STM32CubeIDE/plugins/com.st.stm32cube.ide.mcu.externaltools.gnu-tools-for-stm32.11.3.rel1.win32_1.1.1.202309131626/tools/bin/../lib/gcc/arm-none-eabi/11.3.1/../../../../arm-none-eabi/lib/thumb/v7e-m+fp/hard\libc.a
LOAD C:/ST/STM32CubeIDE_1.13.2/STM32CubeIDE/plugins/com.st.stm32cube.ide.mcu.externaltools.gnu-tools-for-stm32.11.3.rel1.win32_1.1.1.202309131626/tools/bin/../lib/gcc/arm-none-eabi/11.3.1/../../../../arm-none-eabi/lib/thumb/v7e-m+fp/hard\libm.a
LOAD C:/ST/STM32CubeIDE_1.13.2/STM32CubeIDE/plugins/com.st.stm32cube.ide.mcu.externaltools.gnu-tools-for-stm32.11.3.rel1.win32_1.1.1.202309131626/tools/bin/../lib/gcc/arm-none-eabi/11.3.1/thumb/v7e-m+fp/hard\libgcc.a

.comment        0x0000000000000000       0x43
 .comment       0x0000000000000000       0x43 C:/ST/STM32CubeIDE_1.13.2/STM32CubeIDE/plugins/com.st.stm32cube.ide.mcu.externaltools.gnu-tools-for-stm32.11.3.rel1.win32_1.1.1.202309131626/tools/bin/../lib/gcc/arm-none-eabi/11.3.1/thumb/v7e-m+fp/hard/crtbegin.o
                                         0x44 (size before relaxing)
 .comment       0x0000000000000043       0x44 ./Core/Src/ble.o
 .comment       0x0000000000000043       0x44 ./Core/Src/i2c.o
 .comment       0x0000000000000043       0x44 ./Core/Src/leds.o
 .comment       0x0000000000000043       0x44 ./Core/Src/lsm6dsl.o
 .comment       0x0000000000000043       0x44 ./Core/Src/main.o
 .comment       0x0000000000000043       0x44 ./Core/Src/stm32l4xx_hal_msp.o
 .comment       0x0000000000000043       0x44 ./Core/Src/stm32l4xx_it.o
 .comment       0x0000000000000043       0x44 ./Core/Src/syscalls.o
 .comment       0x0000000000000043       0x44 ./Core/Src/system_stm32l4xx.o
 .comment       0x0000000000000043       0x44 ./Core/Src/timer.o
 .comment       0x0000000000000043       0x44 ./Drivers/STM32L4xx_HAL_Driver/Src/stm32l4xx_hal.o
 .comment       0x0000000000000043       0x44 ./Drivers/STM32L4xx_HAL_Driver/Src/stm32l4xx_hal_cortex.o
 .comment       0x0000000000000043       0x44 ./Drivers/STM32L4xx_HAL_Driver/Src/stm32l4xx_hal_gpio.o
 .comment       0x0000000000000043       0x44 ./Drivers/STM32L4xx_HAL_Driver/Src/stm32l4xx_hal_pwr_ex.o
 .comment       0x0000000000000043       0x44 ./Drivers/STM32L4xx_HAL_Driver/Src/stm32l4xx_hal_rcc.o
 .comment       0x0000000000000043       0x44 ./Drivers/STM32L4xx_HAL_Driver/Src/stm32l4xx_hal_spi.o

.debug_info     0x0000000000000000     0xa515
 .debug_info    0x0000000000000000      0xe84 ./Core/Src/ble.o
 .debug_info    0x0000000000000e84      0x45b ./Core/Src/i2c.o
 .debug_info    0x00000000000012df      0x366 ./Core/Src/leds.o
 .debug_info    0x0000000000001645      0x271 ./Core/Src/lsm6dsl.o
 .debug_info    0x00000000000018b6     0x11a8 ./Core/Src/main.o
 .debug_info    0x0000000000002a5e     0x16ae ./Core/Src/stm32l4xx_hal_msp.o
 .debug_info    0x000000000000410c      0x158 ./Core/Src/stm32l4xx_it.o
 .debug_info    0x0000000000004264      0x715 ./Core/Src/syscalls.o
 .debug_info    0x0000000000004979      0x5ce ./Core/Src/system_stm32l4xx.o
 .debug_info    0x0000000000004f47      0xa81 ./Core/Src/timer.o
 .debug_info    0x00000000000059c8       0x23 ./Core/Startup/startup_stm32l475vgtx.o
 .debug_info    0x00000000000059eb      0xae5 ./Drivers/STM32L4xx_HAL_Driver/Src/stm32l4xx_hal.o
 .debug_info    0x00000000000064d0      0xd46 ./Drivers/STM32L4xx_HAL_Driver/Src/stm32l4xx_hal_cortex.o
 .debug_info    0x0000000000007216      0x757 ./Drivers/STM32L4xx_HAL_Driver/Src/stm32l4xx_hal_gpio.o
 .debug_info    0x000000000000796d      0x97a ./Drivers/STM32L4xx_HAL_Driver/Src/stm32l4xx_hal_pwr_ex.o
 .debug_info    0x00000000000082e7      0xc14 ./Drivers/STM32L4xx_HAL_Driver/Src/stm32l4xx_hal_rcc.o
 .debug_info    0x0000000000008efb     0x161a ./Drivers/STM32L4xx_HAL_Driver/Src/stm32l4xx_hal_spi.o

.debug_abbrev   0x0000000000000000     0x1f18
 .debug_abbrev  0x0000000000000000      0x308 ./Core/Src/ble.o
 .debug_abbrev  0x0000000000000308      0x126 ./Core/Src/i2c.o
 .debug_abbrev  0x000000000000042e       0xdf ./Core/Src/leds.o
 .debug_abbrev  0x000000000000050d      0x116 ./Core/Src/lsm6dsl.o
 .debug_abbrev  0x0000000000000623      0x2cf ./Core/Src/main.o
 .debug_abbrev  0x00000000000008f2      0x251 ./Core/Src/stm32l4xx_hal_msp.o
 .debug_abbrev  0x0000000000000b43       0xb3 ./Core/Src/stm32l4xx_it.o
 .debug_abbrev  0x0000000000000bf6      0x1ca ./Core/Src/syscalls.o
 .debug_abbrev  0x0000000000000dc0      0x13f ./Core/Src/system_stm32l4xx.o
 .debug_abbrev  0x0000000000000eff      0x1a5 ./Core/Src/timer.o
 .debug_abbrev  0x00000000000010a4       0x12 ./Core/Startup/startup_stm32l475vgtx.o
 .debug_abbrev  0x00000000000010b6      0x242 ./Drivers/STM32L4xx_HAL_Driver/Src/stm32l4xx_hal.o
 .debug_abbrev  0x00000000000012f8      0x327 ./Drivers/STM32L4xx_HAL_Driver/Src/stm32l4xx_hal_cortex.o
 .debug_abbrev  0x000000000000161f      0x1cb ./Drivers/STM32L4xx_HAL_Driver/Src/stm32l4xx_hal_gpio.o
 .debug_abbrev  0x00000000000017ea      0x1f9 ./Drivers/STM32L4xx_HAL_Driver/Src/stm32l4xx_hal_pwr_ex.o
 .debug_abbrev  0x00000000000019e3      0x2cb ./Drivers/STM32L4xx_HAL_Driver/Src/stm32l4xx_hal_rcc.o
 .debug_abbrev  0x0000000000001cae      0x26a ./Drivers/STM32L4xx_HAL_Driver/Src/stm32l4xx_hal_spi.o

.debug_aranges  0x0000000000000000      0x998
 .debug_aranges
                0x0000000000000000       0x70 ./Core/Src/ble.o
 .debug_aranges
                0x0000000000000070       0x28 ./Core/Src/i2c.o
 .debug_aranges
                0x0000000000000098       0x28 ./Core/Src/leds.o
 .debug_aranges
                0x00000000000000c0       0x28 ./Core/Src/lsm6dsl.o
 .debug_aranges
                0x00000000000000e8       0x48 ./Core/Src/main.o
 .debug_aranges
                0x0000000000000130       0x68 ./Core/Src/stm32l4xx_hal_msp.o
 .debug_aranges
                0x0000000000000198       0x68 ./Core/Src/stm32l4xx_it.o
 .debug_aranges
                0x0000000000000200       0xb0 ./Core/Src/syscalls.o
 .debug_aranges
                0x00000000000002b0       0x28 ./Core/Src/system_stm32l4xx.o
 .debug_aranges
                0x00000000000002d8       0x40 ./Core/Src/timer.o
 .debug_aranges
                0x0000000000000318       0x28 ./Core/Startup/startup_stm32l475vgtx.o
 .debug_aranges
                0x0000000000000340      0x130 ./Drivers/STM32L4xx_HAL_Driver/Src/stm32l4xx_hal.o
 .debug_aranges
                0x0000000000000470      0x118 ./Drivers/STM32L4xx_HAL_Driver/Src/stm32l4xx_hal_cortex.o
 .debug_aranges
                0x0000000000000588       0x58 ./Drivers/STM32L4xx_HAL_Driver/Src/stm32l4xx_hal_gpio.o
 .debug_aranges
                0x00000000000005e0      0x150 ./Drivers/STM32L4xx_HAL_Driver/Src/stm32l4xx_hal_pwr_ex.o
 .debug_aranges
                0x0000000000000730       0x90 ./Drivers/STM32L4xx_HAL_Driver/Src/stm32l4xx_hal_rcc.o
 .debug_aranges
                0x00000000000007c0      0x1d8 ./Drivers/STM32L4xx_HAL_Driver/Src/stm32l4xx_hal_spi.o

.debug_rnglists
                0x0000000000000000      0x719
 .debug_rnglists
                0x0000000000000000       0x56 ./Core/Src/ble.o
 .debug_rnglists
                0x0000000000000056       0x1b ./Core/Src/i2c.o
 .debug_rnglists
                0x0000000000000071       0x1a ./Core/Src/leds.o
 .debug_rnglists
                0x000000000000008b       0x1a ./Core/Src/lsm6dsl.o
 .debug_rnglists
                0x00000000000000a5       0x35 ./Core/Src/main.o
 .debug_rnglists
                0x00000000000000da       0x4b ./Core/Src/stm32l4xx_hal_msp.o
 .debug_rnglists
                0x0000000000000125       0x49 ./Core/Src/stm32l4xx_it.o
 .debug_rnglists
                0x000000000000016e       0x7f ./Core/Src/syscalls.o
 .debug_rnglists
                0x00000000000001ed       0x1a ./Core/Src/system_stm32l4xx.o
 .debug_rnglists
                0x0000000000000207       0x2b ./Core/Src/timer.o
 .debug_rnglists
                0x0000000000000232       0x19 ./Core/Startup/startup_stm32l475vgtx.o
 .debug_rnglists
                0x000000000000024b       0xdf ./Drivers/STM32L4xx_HAL_Driver/Src/stm32l4xx_hal.o
 .debug_rnglists
                0x000000000000032a       0xce ./Drivers/STM32L4xx_HAL_Driver/Src/stm32l4xx_hal_cortex.o
 .debug_rnglists
                0x00000000000003f8       0x3f ./Drivers/STM32L4xx_HAL_Driver/Src/stm32l4xx_hal_gpio.o
 .debug_rnglists
                0x0000000000000437       0xfd ./Drivers/STM32L4xx_HAL_Driver/Src/stm32l4xx_hal_pwr_ex.o
 .debug_rnglists
                0x0000000000000534       0x6d ./Drivers/STM32L4xx_HAL_Driver/Src/stm32l4xx_hal_rcc.o
 .debug_rnglists
                0x00000000000005a1      0x178 ./Drivers/STM32L4xx_HAL_Driver/Src/stm32l4xx_hal_spi.o

.debug_macro    0x0000000000000000    0x2722b
 .debug_macro   0x0000000000000000      0x2fd ./Core/Src/ble.o
 .debug_macro   0x00000000000002fd      0xaa8 ./Core/Src/ble.o
 .debug_macro   0x0000000000000da5      0x1ad ./Core/Src/ble.o
 .debug_macro   0x0000000000000f52       0x2e ./Core/Src/ble.o
 .debug_macro   0x0000000000000f80       0x28 ./Core/Src/ble.o
 .debug_macro   0x0000000000000fa8       0x22 ./Core/Src/ble.o
 .debug_macro   0x0000000000000fca       0x8e ./Core/Src/ble.o
 .debug_macro   0x0000000000001058       0x51 ./Core/Src/ble.o
 .debug_macro   0x00000000000010a9      0x103 ./Core/Src/ble.o
 .debug_macro   0x00000000000011ac       0x6a ./Core/Src/ble.o
 .debug_macro   0x0000000000001216      0x1df ./Core/Src/ble.o
 .debug_macro   0x00000000000013f5       0x1c ./Core/Src/ble.o
 .debug_macro   0x0000000000001411       0x22 ./Core/Src/ble.o
 .debug_macro   0x0000000000001433       0xfb ./Core/Src/ble.o
 .debug_macro   0x000000000000152e     0x1011 ./Core/Src/ble.o
 .debug_macro   0x000000000000253f      0x11f ./Core/Src/ble.o
 .debug_macro   0x000000000000265e    0x19dc7 ./Core/Src/ble.o
 .debug_macro   0x000000000001c425       0x6d ./Core/Src/ble.o
 .debug_macro   0x000000000001c492     0x38e6 ./Core/Src/ble.o
 .debug_macro   0x000000000001fd78      0x174 ./Core/Src/ble.o
 .debug_macro   0x000000000001feec       0x5c ./Core/Src/ble.o
 .debug_macro   0x000000000001ff48     0x1558 ./Core/Src/ble.o
 .debug_macro   0x00000000000214a0      0x5a5 ./Core/Src/ble.o
 .debug_macro   0x0000000000021a45      0x1b9 ./Core/Src/ble.o
 .debug_macro   0x0000000000021bfe      0x17d ./Core/Src/ble.o
 .debug_macro   0x0000000000021d7b      0x26b ./Core/Src/ble.o
 .debug_macro   0x0000000000021fe6      0x23d ./Core/Src/ble.o
 .debug_macro   0x0000000000022223      0x241 ./Core/Src/ble.o
 .debug_macro   0x0000000000022464      0x37c ./Core/Src/ble.o
 .debug_macro   0x00000000000227e0       0xd6 ./Core/Src/ble.o
 .debug_macro   0x00000000000228b6      0x22c ./Core/Src/ble.o
 .debug_macro   0x0000000000022ae2       0x61 ./Core/Src/ble.o
 .debug_macro   0x0000000000022b43       0xa5 ./Core/Src/ble.o
 .debug_macro   0x0000000000022be8      0x122 ./Core/Src/ble.o
 .debug_macro   0x0000000000022d0a      0x3e8 ./Core/Src/ble.o
 .debug_macro   0x00000000000230f2      0x2fe ./Core/Src/ble.o
 .debug_macro   0x00000000000233f0      0xa98 ./Core/Src/ble.o
 .debug_macro   0x0000000000023e88      0x1e6 ./Core/Src/ble.o
 .debug_macro   0x000000000002406e      0x330 ./Core/Src/ble.o
 .debug_macro   0x000000000002439e       0x46 ./Core/Src/ble.o
 .debug_macro   0x00000000000243e4       0x22 ./Core/Src/ble.o
 .debug_macro   0x0000000000024406       0x2a ./Core/Src/ble.o
 .debug_macro   0x0000000000024430       0x61 ./Core/Src/ble.o
 .debug_macro   0x0000000000024491       0x43 ./Core/Src/ble.o
 .debug_macro   0x00000000000244d4       0x34 ./Core/Src/ble.o
 .debug_macro   0x0000000000024508       0x16 ./Core/Src/ble.o
 .debug_macro   0x000000000002451e       0x35 ./Core/Src/ble.o
 .debug_macro   0x0000000000024553       0x16 ./Core/Src/ble.o
 .debug_macro   0x0000000000024569       0x43 ./Core/Src/ble.o
 .debug_macro   0x00000000000245ac       0x34 ./Core/Src/ble.o
 .debug_macro   0x00000000000245e0       0x10 ./Core/Src/ble.o
 .debug_macro   0x00000000000245f0       0x58 ./Core/Src/ble.o
 .debug_macro   0x0000000000024648       0x8e ./Core/Src/ble.o
 .debug_macro   0x00000000000246d6       0x1c ./Core/Src/ble.o
 .debug_macro   0x00000000000246f2      0x177 ./Core/Src/ble.o
 .debug_macro   0x0000000000024869      0x369 ./Core/Src/ble.o
 .debug_macro   0x0000000000024bd2       0x16 ./Core/Src/ble.o
 .debug_macro   0x0000000000024be8       0x29 ./Core/Src/ble.o
 .debug_macro   0x0000000000024c11       0x16 ./Core/Src/ble.o
 .debug_macro   0x0000000000024c27       0x20 ./Core/Src/ble.o
 .debug_macro   0x0000000000024c47       0x1c ./Core/Src/ble.o
 .debug_macro   0x0000000000024c63       0xbf ./Core/Src/i2c.o
 .debug_macro   0x0000000000024d22       0xbf ./Core/Src/leds.o
 .debug_macro   0x0000000000024de1       0xc9 ./Core/Src/lsm6dsl.o
 .debug_macro   0x0000000000024eaa      0x324 ./Core/Src/main.o
 .debug_macro   0x00000000000251ce       0x1c ./Core/Src/main.o
 .debug_macro   0x00000000000251ea       0x10 ./Core/Src/main.o
 .debug_macro   0x00000000000251fa       0x1c ./Core/Src/main.o
 .debug_macro   0x0000000000025216       0x16 ./Core/Src/main.o
 .debug_macro   0x000000000002522c      0x147 ./Core/Src/main.o
 .debug_macro   0x0000000000025373      0x1e9 ./Core/Src/stm32l4xx_hal_msp.o
 .debug_macro   0x000000000002555c      0x206 ./Core/Src/stm32l4xx_it.o
 .debug_macro   0x0000000000025762      0x274 ./Core/Src/syscalls.o
 .debug_macro   0x00000000000259d6       0x5b ./Core/Src/syscalls.o
 .debug_macro   0x0000000000025a31       0x94 ./Core/Src/syscalls.o
 .debug_macro   0x0000000000025ac5       0x57 ./Core/Src/syscalls.o
 .debug_macro   0x0000000000025b1c       0x10 ./Core/Src/syscalls.o
 .debug_macro   0x0000000000025b2c       0x10 ./Core/Src/syscalls.o
 .debug_macro   0x0000000000025b3c       0x10 ./Core/Src/syscalls.o
 .debug_macro   0x0000000000025b4c       0x10 ./Core/Src/syscalls.o
 .debug_macro   0x0000000000025b5c       0x1c ./Core/Src/syscalls.o
 .debug_macro   0x0000000000025b78       0x52 ./Core/Src/syscalls.o
 .debug_macro   0x0000000000025bca       0x22 ./Core/Src/syscalls.o
 .debug_macro   0x0000000000025bec       0x10 ./Core/Src/syscalls.o
 .debug_macro   0x0000000000025bfc       0x52 ./Core/Src/syscalls.o
 .debug_macro   0x0000000000025c4e       0xcf ./Core/Src/syscalls.o
 .debug_macro   0x0000000000025d1d       0x1c ./Core/Src/syscalls.o
 .debug_macro   0x0000000000025d39       0x3d ./Core/Src/syscalls.o
 .debug_macro   0x0000000000025d76       0x35 ./Core/Src/syscalls.o
 .debug_macro   0x0000000000025dab      0x12c ./Core/Src/syscalls.o
 .debug_macro   0x0000000000025ed7       0x10 ./Core/Src/syscalls.o
 .debug_macro   0x0000000000025ee7      0x242 ./Core/Src/syscalls.o
 .debug_macro   0x0000000000026129       0x10 ./Core/Src/syscalls.o
 .debug_macro   0x0000000000026139      0x18a ./Core/Src/syscalls.o
 .debug_macro   0x00000000000262c3       0x16 ./Core/Src/syscalls.o
 .debug_macro   0x00000000000262d9       0xce ./Core/Src/syscalls.o
 .debug_macro   0x00000000000263a7      0x1e0 ./Core/Src/system_stm32l4xx.o
 .debug_macro   0x0000000000026587       0xc5 ./Core/Src/timer.o
 .debug_macro   0x000000000002664c      0x228 ./Drivers/STM32L4xx_HAL_Driver/Src/stm32l4xx_hal.o
 .debug_macro   0x0000000000026874      0x1da ./Drivers/STM32L4xx_HAL_Driver/Src/stm32l4xx_hal_cortex.o
 .debug_macro   0x0000000000026a4e      0x1e1 ./Drivers/STM32L4xx_HAL_Driver/Src/stm32l4xx_hal_gpio.o
 .debug_macro   0x0000000000026c2f      0x1fe ./Drivers/STM32L4xx_HAL_Driver/Src/stm32l4xx_hal_pwr_ex.o
 .debug_macro   0x0000000000026e2d      0x21c ./Drivers/STM32L4xx_HAL_Driver/Src/stm32l4xx_hal_rcc.o
 .debug_macro   0x0000000000027049      0x1e2 ./Drivers/STM32L4xx_HAL_Driver/Src/stm32l4xx_hal_spi.o

.debug_line     0x0000000000000000     0xb0ac
 .debug_line    0x0000000000000000      0xc08 ./Core/Src/ble.o
 .debug_line    0x0000000000000c08      0x5a6 ./Core/Src/i2c.o
 .debug_line    0x00000000000011ae      0x515 ./Core/Src/leds.o
 .debug_line    0x00000000000016c3      0x54d ./Core/Src/lsm6dsl.o
 .debug_line    0x0000000000001c10      0xb18 ./Core/Src/main.o
 .debug_line    0x0000000000002728      0x8c8 ./Core/Src/stm32l4xx_hal_msp.o
 .debug_line    0x0000000000002ff0      0x85d ./Core/Src/stm32l4xx_it.o
 .debug_line    0x000000000000384d      0x8e5 ./Core/Src/syscalls.o
 .debug_line    0x0000000000004132      0x841 ./Core/Src/system_stm32l4xx.o
 .debug_line    0x0000000000004973      0x594 ./Core/Src/timer.o
 .debug_line    0x0000000000004f07       0x7a ./Core/Startup/startup_stm32l475vgtx.o
 .debug_line    0x0000000000004f81      0xb66 ./Drivers/STM32L4xx_HAL_Driver/Src/stm32l4xx_hal.o
 .debug_line    0x0000000000005ae7      0xd0d ./Drivers/STM32L4xx_HAL_Driver/Src/stm32l4xx_hal_cortex.o
 .debug_line    0x00000000000067f4      0xbda ./Drivers/STM32L4xx_HAL_Driver/Src/stm32l4xx_hal_gpio.o
 .debug_line    0x00000000000073ce      0xd2e ./Drivers/STM32L4xx_HAL_Driver/Src/stm32l4xx_hal_pwr_ex.o
 .debug_line    0x00000000000080fc      0xfdd ./Drivers/STM32L4xx_HAL_Driver/Src/stm32l4xx_hal_rcc.o
 .debug_line    0x00000000000090d9     0x1fd3 ./Drivers/STM32L4xx_HAL_Driver/Src/stm32l4xx_hal_spi.o

.debug_str      0x0000000000000000    0xf0c8e
 .debug_str     0x0000000000000000    0xeb94a ./Core/Src/ble.o
                                      0xebc76 (size before relaxing)
 .debug_str     0x00000000000eb94a      0x1a5 ./Core/Src/i2c.o
                                      0x9d31c (size before relaxing)
 .debug_str     0x00000000000ebaef       0x26 ./Core/Src/leds.o
                                      0x9d2d4 (size before relaxing)
 .debug_str     0x00000000000ebb15       0xd8 ./Core/Src/lsm6dsl.o
                                      0x9d22c (size before relaxing)
 .debug_str     0x00000000000ebbed      0xd78 ./Core/Src/main.o
                                      0xec70b (size before relaxing)
 .debug_str     0x00000000000ec965      0x869 ./Core/Src/stm32l4xx_hal_msp.o
                                      0xe9469 (size before relaxing)
 .debug_str     0x00000000000ed1ce       0xf5 ./Core/Src/stm32l4xx_it.o
                                      0xe8147 (size before relaxing)
 .debug_str     0x00000000000ed2c3     0x201a ./Core/Src/syscalls.o
                                       0x98e6 (size before relaxing)
 .debug_str     0x00000000000ef2dd      0x107 ./Core/Src/system_stm32l4xx.o
                                      0xe8119 (size before relaxing)
 .debug_str     0x00000000000ef3e4       0x92 ./Core/Src/timer.o
                                      0x9d8ef (size before relaxing)
 .debug_str     0x00000000000ef476       0x34 ./Core/Startup/startup_stm32l475vgtx.o
                                         0x7b (size before relaxing)
 .debug_str     0x00000000000ef4aa      0x62c ./Drivers/STM32L4xx_HAL_Driver/Src/stm32l4xx_hal.o
                                      0xe8c88 (size before relaxing)
 .debug_str     0x00000000000efad6      0x2e2 ./Drivers/STM32L4xx_HAL_Driver/Src/stm32l4xx_hal_cortex.o
                                      0xe893c (size before relaxing)
 .debug_str     0x00000000000efdb8       0xfe ./Drivers/STM32L4xx_HAL_Driver/Src/stm32l4xx_hal_gpio.o
                                      0xe8277 (size before relaxing)
 .debug_str     0x00000000000efeb6      0x4a8 ./Drivers/STM32L4xx_HAL_Driver/Src/stm32l4xx_hal_pwr_ex.o
                                      0xe861e (size before relaxing)
 .debug_str     0x00000000000f035e      0x3a6 ./Drivers/STM32L4xx_HAL_Driver/Src/stm32l4xx_hal_rcc.o
                                      0xe8744 (size before relaxing)
 .debug_str     0x00000000000f0704      0x58a ./Drivers/STM32L4xx_HAL_Driver/Src/stm32l4xx_hal_spi.o
                                      0xe891f (size before relaxing)

.debug_frame    0x0000000000000000     0x2838
 .debug_frame   0x0000000000000000      0x1b0 ./Core/Src/ble.o
 .debug_frame   0x00000000000001b0       0x58 ./Core/Src/i2c.o
 .debug_frame   0x0000000000000208       0x58 ./Core/Src/leds.o
 .debug_frame   0x0000000000000260       0x58 ./Core/Src/lsm6dsl.o
 .debug_frame   0x00000000000002b8       0xcc ./Core/Src/main.o
 .debug_frame   0x0000000000000384      0x188 ./Core/Src/stm32l4xx_hal_msp.o
 .debug_frame   0x000000000000050c      0x120 ./Core/Src/stm32l4xx_it.o
 .debug_frame   0x000000000000062c      0x2d0 ./Core/Src/syscalls.o
 .debug_frame   0x00000000000008fc       0x58 ./Core/Src/system_stm32l4xx.o
 .debug_frame   0x0000000000000954       0xd4 ./Core/Src/timer.o
 .debug_frame   0x0000000000000a28      0x498 ./Drivers/STM32L4xx_HAL_Driver/Src/stm32l4xx_hal.o
 .debug_frame   0x0000000000000ec0      0x498 ./Drivers/STM32L4xx_HAL_Driver/Src/stm32l4xx_hal_cortex.o
 .debug_frame   0x0000000000001358      0x14c ./Drivers/STM32L4xx_HAL_Driver/Src/stm32l4xx_hal_gpio.o
 .debug_frame   0x00000000000014a4      0x544 ./Drivers/STM32L4xx_HAL_Driver/Src/stm32l4xx_hal_pwr_ex.o
 .debug_frame   0x00000000000019e8      0x21c ./Drivers/STM32L4xx_HAL_Driver/Src/stm32l4xx_hal_rcc.o
 .debug_frame   0x0000000000001c04      0x860 ./Drivers/STM32L4xx_HAL_Driver/Src/stm32l4xx_hal_spi.o
 .debug_frame   0x0000000000002464       0x30 C:/ST/STM32CubeIDE_1.13.2/STM32CubeIDE/plugins/com.st.stm32cube.ide.mcu.externaltools.gnu-tools-for-stm32.11.3.rel1.win32_1.1.1.202309131626/tools/bin/../lib/gcc/arm-none-eabi/11.3.1/../../../../arm-none-eabi/lib/thumb/v7e-m+fp/hard\libc_nano.a(libc_a-malloc.o)
 .debug_frame   0x0000000000002494       0x50 C:/ST/STM32CubeIDE_1.13.2/STM32CubeIDE/plugins/com.st.stm32cube.ide.mcu.externaltools.gnu-tools-for-stm32.11.3.rel1.win32_1.1.1.202309131626/tools/bin/../lib/gcc/arm-none-eabi/11.3.1/../../../../arm-none-eabi/lib/thumb/v7e-m+fp/hard\libc_nano.a(libc_a-mallocr.o)
 .debug_frame   0x00000000000024e4       0x30 C:/ST/STM32CubeIDE_1.13.2/STM32CubeIDE/plugins/com.st.stm32cube.ide.mcu.externaltools.gnu-tools-for-stm32.11.3.rel1.win32_1.1.1.202309131626/tools/bin/../lib/gcc/arm-none-eabi/11.3.1/../../../../arm-none-eabi/lib/thumb/v7e-m+fp/hard\libc_nano.a(libc_a-mlock.o)
 .debug_frame   0x0000000000002514      0x144 C:/ST/STM32CubeIDE_1.13.2/STM32CubeIDE/plugins/com.st.stm32cube.ide.mcu.externaltools.gnu-tools-for-stm32.11.3.rel1.win32_1.1.1.202309131626/tools/bin/../lib/gcc/arm-none-eabi/11.3.1/../../../../arm-none-eabi/lib/thumb/v7e-m+fp/hard\libc_nano.a(libc_a-findfp.o)
 .debug_frame   0x0000000000002658       0x20 C:/ST/STM32CubeIDE_1.13.2/STM32CubeIDE/plugins/com.st.stm32cube.ide.mcu.externaltools.gnu-tools-for-stm32.11.3.rel1.win32_1.1.1.202309131626/tools/bin/../lib/gcc/arm-none-eabi/11.3.1/../../../../arm-none-eabi/lib/thumb/v7e-m+fp/hard\libc_nano.a(libc_a-memset.o)
 .debug_frame   0x0000000000002678       0x38 C:/ST/STM32CubeIDE_1.13.2/STM32CubeIDE/plugins/com.st.stm32cube.ide.mcu.externaltools.gnu-tools-for-stm32.11.3.rel1.win32_1.1.1.202309131626/tools/bin/../lib/gcc/arm-none-eabi/11.3.1/../../../../arm-none-eabi/lib/thumb/v7e-m+fp/hard\libc_nano.a(libc_a-reent.o)
 .debug_frame   0x00000000000026b0       0x2c C:/ST/STM32CubeIDE_1.13.2/STM32CubeIDE/plugins/com.st.stm32cube.ide.mcu.externaltools.gnu-tools-for-stm32.11.3.rel1.win32_1.1.1.202309131626/tools/bin/../lib/gcc/arm-none-eabi/11.3.1/../../../../arm-none-eabi/lib/thumb/v7e-m+fp/hard\libc_nano.a(libc_a-sbrkr.o)
 .debug_frame   0x00000000000026dc       0x20 C:/ST/STM32CubeIDE_1.13.2/STM32CubeIDE/plugins/com.st.stm32cube.ide.mcu.externaltools.gnu-tools-for-stm32.11.3.rel1.win32_1.1.1.202309131626/tools/bin/../lib/gcc/arm-none-eabi/11.3.1/../../../../arm-none-eabi/lib/thumb/v7e-m+fp/hard\libc_nano.a(libc_a-errno.o)
 .debug_frame   0x00000000000026fc       0x2c C:/ST/STM32CubeIDE_1.13.2/STM32CubeIDE/plugins/com.st.stm32cube.ide.mcu.externaltools.gnu-tools-for-stm32.11.3.rel1.win32_1.1.1.202309131626/tools/bin/../lib/gcc/arm-none-eabi/11.3.1/../../../../arm-none-eabi/lib/thumb/v7e-m+fp/hard\libc_nano.a(libc_a-init.o)
 .debug_frame   0x0000000000002728       0xb0 C:/ST/STM32CubeIDE_1.13.2/STM32CubeIDE/plugins/com.st.stm32cube.ide.mcu.externaltools.gnu-tools-for-stm32.11.3.rel1.win32_1.1.1.202309131626/tools/bin/../lib/gcc/arm-none-eabi/11.3.1/../../../../arm-none-eabi/lib/thumb/v7e-m+fp/hard\libc_nano.a(libc_a-lock.o)
 .debug_frame   0x00000000000027d8       0x28 C:/ST/STM32CubeIDE_1.13.2/STM32CubeIDE/plugins/com.st.stm32cube.ide.mcu.externaltools.gnu-tools-for-stm32.11.3.rel1.win32_1.1.1.202309131626/tools/bin/../lib/gcc/arm-none-eabi/11.3.1/../../../../arm-none-eabi/lib/thumb/v7e-m+fp/hard\libc_nano.a(libc_a-memcpy-stub.o)
 .debug_frame   0x0000000000002800       0x38 C:/ST/STM32CubeIDE_1.13.2/STM32CubeIDE/plugins/com.st.stm32cube.ide.mcu.externaltools.gnu-tools-for-stm32.11.3.rel1.win32_1.1.1.202309131626/tools/bin/../lib/gcc/arm-none-eabi/11.3.1/../../../../arm-none-eabi/lib/thumb/v7e-m+fp/hard\libc_nano.a(libc_a-freer.o)

.debug_line_str
                0x0000000000000000       0x6f
 .debug_line_str
                0x0000000000000000       0x6f ./Core/Startup/startup_stm32l475vgtx.o
                                         0x87 (size before relaxing)
